<html>
<body>
<pre>
<h1>µVision Build Log</h1>
<h2>Tool Versions:</h2>
IDE-Version: ¦ÌVision V5.34.0.0
Copyright (C) 2021 ARM Ltd and ARM Germany GmbH. All rights reserved.
License Information: 1 Administrator, 1, LIC=03C6R-KS51G-BSNYX-HZGTY-63JTC-0EMJH
 
Tool Versions:
Toolchain:       MDK-ARM Plus  Version: 5.34.0.0
Toolchain Path:  C:\Keil_v5\ARM\ARMCC\Bin
C Compiler:      Armcc.exe V5.06 update 7 (build 960)
Assembler:       Armasm.exe V5.06 update 7 (build 960)
Linker/Locator:  ArmLink.exe V5.06 update 7 (build 960)
Library Manager: ArmAr.exe V5.06 update 7 (build 960)
Hex Converter:   FromElf.exe V5.06 update 7 (build 960)
CPU DLL:         SARMCM3.DLL V5.34.0.0
Dialog DLL:      DCM.DLL V1.17.3.0
Target DLL:      STLink\ST-LINKIII-KEIL_SWO.dll V3.0.8.0
Dialog DLL:      TCM.DLL V1.48.0.0
 
<h2>Project:</h2>
F:\1_G3-RAM_ÐÂÔöÎÂ¶È¼ì²â\G3-RAM_BeginDemo\project\MDK_V5\Marlin_AT32.uvprojx
Project File Date:  06/02/2026

<h2>Output:</h2>
*** Using Compiler 'V5.06 update 7 (build 960)', folder: 'C:\Keil_v5\ARM\ARMCC\Bin'
Build target 'Marlin_AT32'
compiling wk_gpio.c...
linking...
..\Marlin_AT32.sct(9): warning: L6329W: Pattern *.o(RAMCODE1) only matches removed unused sections.
..\Marlin_AT32.sct(14): warning: L6314W: No section matches pattern *.o(RAMCODE2).
Program Size: Code=5102 RO-data=618 RW-data=12 ZI-data=3172  
Finished: 0 information, 2 warning and 0 error messages.
FromELF: creating hex file...
".\objects\Marlin_AT32.axf" - 0 Error(s), 2 Warning(s).

<h2>Software Packages used:</h2>

Package Vendor: ArteryTek
                
                ArteryTek.AT32F435_437_DFP.2.2.4
                ArteryTek AT32F4 Series Device Support,Drivers

<h2>Collection of Component include folders:</h2>
  C:\Users\Administrator\AppData\Local\Arm\Packs\ArteryTek\AT32F435_437_DFP\2.2.4\Device\Include

<h2>Collection of Component Files used:</h2>
Build Time Elapsed:  00:00:00
</pre>
</body>
</html>
