Component: ARM Compiler 5.06 update 7 (build 960) Tool: armlink [4d3601]

==============================================================================

Section Cross References

    main.o(.text) refers to at32f435_437_wk_config.o(.text) for wk_periph_clock_config
    main.o(.text) refers to wk_system.o(.text) for wk_timebase_init
    main.o(.text) refers to wk_gpio.o(.text) for wk_gpio_config
    main.o(.text) refers to wk_usart.o(.text) for wk_usart1_init
    main.o(.text) refers to noretval__2printf.o(.text) for __2printf
    delay.o(.text) refers to at32f435_437_misc.o(.text) for systick_clock_source_config
    delay.o(.text) refers to system_at32f435_437.o(.data) for system_core_clock
    delay.o(.text) refers to delay.o(.data) for .data
    wk_usart.o(.rev16_text) refers (Special) to use_no_semi_2.o(.text) for __use_no_semihosting
    wk_usart.o(.revsh_text) refers (Special) to use_no_semi_2.o(.text) for __use_no_semihosting
    wk_usart.o(.rrx_text) refers (Special) to use_no_semi_2.o(.text) for __use_no_semihosting
    wk_usart.o(.text) refers (Special) to use_no_semi_2.o(.text) for __use_no_semihosting
    wk_usart.o(.text) refers to at32f435_437_gpio.o(.text) for gpio_default_para_init
    wk_usart.o(.text) refers to at32f435_437_usart.o(.text) for usart_init
    wk_usart.o(.data) refers (Special) to use_no_semi_2.o(.text) for __use_no_semihosting
    wk_system.o(.text) refers to at32f435_437_crm.o(.text) for crm_clocks_freq_get
    wk_system.o(.text) refers to at32f435_437_misc.o(.text) for systick_clock_source_config
    wk_system.o(.text) refers to wk_system.o(.data) for .data
    at32f435_437_wk_config.o(.text) refers to at32f435_437_crm.o(.text) for crm_periph_clock_enable
    at32f435_437_int.o(.text) refers to wk_system.o(.text) for wk_timebase_handler
    wk_gpio.o(.text) refers to at32f435_437_gpio.o(.text) for gpio_default_para_init
    wk_gpio.o(.text) refers to noretval__2printf.o(.text) for __2printf
    wk_gpio.o(.text) refers to wk_system.o(.text) for wk_delay_ms
    at32f435_437_crm.o(.text) refers to at32f435_437_crm.o(.constdata) for .constdata
    at32f435_437_crm.o(.text) refers to lludivv7m.o(.text) for __aeabi_uldivmod
    at32f435_437_tmr.o(.text) refers to at32f435_437_crm.o(.text) for crm_periph_reset
    at32f435_437_gpio.o(.text) refers to at32f435_437_crm.o(.text) for crm_periph_reset
    at32f435_437_i2c.o(.text) refers to at32f435_437_crm.o(.text) for crm_periph_reset
    at32f435_437_usart.o(.text) refers to at32f435_437_crm.o(.text) for crm_periph_reset
    at32f435_437_pwc.o(.text) refers to at32f435_437_crm.o(.text) for crm_periph_reset
    at32f435_437_adc.o(.text) refers to at32f435_437_crm.o(.text) for crm_periph_reset
    at32f435_437_spi.o(.text) refers to at32f435_437_crm.o(.text) for crm_periph_reset
    at32f435_437_wwdt.o(.text) refers to at32f435_437_crm.o(.text) for crm_periph_reset
    at32f435_437_scfg.o(.text) refers to at32f435_437_crm.o(.text) for crm_periph_reset
    at32f435_437_can.o(.text) refers to at32f435_437_crm.o(.text) for crm_periph_reset
    at32f435_437_dac.o(.text) refers to at32f435_437_crm.o(.text) for crm_periph_reset
    at32f435_437_qspi.o(.text) refers to at32f435_437_crm.o(.text) for crm_periph_reset
    at32f435_437_dvp.o(.text) refers to at32f435_437_crm.o(.text) for crm_periph_reset
    startup_at32f435_437.o(STACK) refers (Special) to heapauxi.o(.text) for __use_two_region_memory
    startup_at32f435_437.o(HEAP) refers (Special) to heapauxi.o(.text) for __use_two_region_memory
    startup_at32f435_437.o(RESET) refers (Special) to heapauxi.o(.text) for __use_two_region_memory
    startup_at32f435_437.o(RESET) refers to startup_at32f435_437.o(STACK) for __initial_sp
    startup_at32f435_437.o(RESET) refers to startup_at32f435_437.o(.text) for Reset_Handler
    startup_at32f435_437.o(RESET) refers to at32f435_437_int.o(.text) for SysTick_Handler
    startup_at32f435_437.o(.text) refers (Special) to heapauxi.o(.text) for __use_two_region_memory
    startup_at32f435_437.o(.text) refers to system_at32f435_437.o(.text) for SystemInit
    startup_at32f435_437.o(.text) refers to __main.o(!!!main) for __main
    startup_at32f435_437.o(.text) refers to startup_at32f435_437.o(HEAP) for Heap_Mem
    startup_at32f435_437.o(.text) refers to startup_at32f435_437.o(STACK) for Stack_Mem
    system_at32f435_437.o(.text) refers to at32f435_437_crm.o(.text) for crm_sysclk_switch_status_get
    system_at32f435_437.o(.text) refers to lludivv7m.o(.text) for __aeabi_uldivmod
    system_at32f435_437.o(.text) refers to system_at32f435_437.o(.data) for .data
    system_at32f435_437.o(.text) refers to system_at32f435_437.o(.constdata) for .constdata
    use_no_semi_2.o(.text) refers (Special) to use_no_semi.o(.text) for __use_no_semihosting_swi
    __2printf.o(.text) refers to _printf_char_file.o(.text) for _printf_char_file
    __2printf.o(.text) refers to wk_usart.o(.data) for __stdout
    noretval__2printf.o(.text) refers to _printf_char_file.o(.text) for _printf_char_file
    noretval__2printf.o(.text) refers to wk_usart.o(.data) for __stdout
    __main.o(!!!main) refers to __rtentry.o(.ARM.Collect$$rtentry$$00000000) for __rt_entry
    __rtentry.o(.ARM.Collect$$rtentry$$00000000) refers (Special) to __rtentry2.o(.ARM.Collect$$rtentry$$0000000A) for __rt_entry_li
    __rtentry.o(.ARM.Collect$$rtentry$$00000000) refers (Special) to __rtentry2.o(.ARM.Collect$$rtentry$$0000000D) for __rt_entry_main
    __rtentry.o(.ARM.Collect$$rtentry$$00000000) refers (Special) to __rtentry2.o(.ARM.Collect$$rtentry$$0000000C) for __rt_entry_postli_1
    __rtentry.o(.ARM.Collect$$rtentry$$00000000) refers (Special) to __rtentry2.o(.ARM.Collect$$rtentry$$00000009) for __rt_entry_postsh_1
    __rtentry.o(.ARM.Collect$$rtentry$$00000000) refers (Special) to __rtentry2.o(.ARM.Collect$$rtentry$$00000002) for __rt_entry_presh_1
    __rtentry.o(.ARM.Collect$$rtentry$$00000000) refers (Special) to __rtentry4.o(.ARM.Collect$$rtentry$$00000004) for __rt_entry_sh
    aeabi_ldiv0_sigfpe.o(.text) refers to rt_div0.o(.text) for __rt_div0
    _printf_char_file.o(.text) refers to _printf_char_common.o(.text) for _printf_char_common
    _printf_char_file.o(.text) refers to ferror.o(.text) for ferror
    _printf_char_file.o(.text) refers to wk_usart.o(.text) for fputc
    __rtentry2.o(.ARM.Collect$$rtentry$$00000008) refers to boardinit2.o(.text) for _platform_post_stackheap_init
    __rtentry2.o(.ARM.Collect$$rtentry$$0000000A) refers to libinit.o(.ARM.Collect$$libinit$$00000000) for __rt_lib_init
    __rtentry2.o(.ARM.Collect$$rtentry$$0000000B) refers to boardinit3.o(.text) for _platform_post_lib_init
    __rtentry2.o(.ARM.Collect$$rtentry$$0000000D) refers to main.o(.text) for main
    __rtentry2.o(.ARM.Collect$$rtentry$$0000000D) refers to exit.o(.text) for exit
    __rtentry2.o(.ARM.exidx) refers to __rtentry2.o(.ARM.Collect$$rtentry$$00000001) for .ARM.Collect$$rtentry$$00000001
    __rtentry2.o(.ARM.exidx) refers to __rtentry2.o(.ARM.Collect$$rtentry$$00000008) for .ARM.Collect$$rtentry$$00000008
    __rtentry2.o(.ARM.exidx) refers to __rtentry2.o(.ARM.Collect$$rtentry$$0000000A) for .ARM.Collect$$rtentry$$0000000A
    __rtentry2.o(.ARM.exidx) refers to __rtentry2.o(.ARM.Collect$$rtentry$$0000000B) for .ARM.Collect$$rtentry$$0000000B
    __rtentry2.o(.ARM.exidx) refers to __rtentry2.o(.ARM.Collect$$rtentry$$0000000D) for .ARM.Collect$$rtentry$$0000000D
    __rtentry4.o(.ARM.Collect$$rtentry$$00000004) refers to sys_stackheap_outer.o(.text) for __user_setup_stackheap
    __rtentry4.o(.ARM.exidx) refers to __rtentry4.o(.ARM.Collect$$rtentry$$00000004) for .ARM.Collect$$rtentry$$00000004
    rt_div0.o(.text) refers to defsig_fpe_outer.o(.text) for __rt_SIGFPE
    _printf_char_common.o(.text) refers to __printf_nopercent.o(.text) for __printf
    sys_stackheap_outer.o(.text) refers to libspace.o(.text) for __user_perproc_libspace
    sys_stackheap_outer.o(.text) refers to startup_at32f435_437.o(.text) for __user_initial_stackheap
    exit.o(.text) refers to rtexit.o(.ARM.Collect$$rtexit$$00000000) for __rt_exit
    defsig_fpe_outer.o(.text) refers to defsig_fpe_inner.o(.text) for __rt_SIGFPE_inner
    defsig_fpe_outer.o(.text) refers to defsig_exit.o(.text) for __sig_exit
    defsig_fpe_formal.o(.text) refers to rt_raise.o(.text) for __rt_raise
    libinit.o(.ARM.Collect$$libinit$$00000000) refers (Special) to libinit2.o(.ARM.Collect$$libinit$$0000002E) for __rt_lib_init_alloca_1
    libinit.o(.ARM.Collect$$libinit$$00000000) refers (Special) to libinit2.o(.ARM.Collect$$libinit$$0000002C) for __rt_lib_init_argv_1
    libinit.o(.ARM.Collect$$libinit$$00000000) refers (Special) to libinit2.o(.ARM.Collect$$libinit$$0000001B) for __rt_lib_init_atexit_1
    libinit.o(.ARM.Collect$$libinit$$00000000) refers (Special) to libinit2.o(.ARM.Collect$$libinit$$00000021) for __rt_lib_init_clock_1
    libinit.o(.ARM.Collect$$libinit$$00000000) refers (Special) to libinit2.o(.ARM.Collect$$libinit$$00000032) for __rt_lib_init_cpp_1
    libinit.o(.ARM.Collect$$libinit$$00000000) refers (Special) to libinit2.o(.ARM.Collect$$libinit$$00000030) for __rt_lib_init_exceptions_1
    libinit.o(.ARM.Collect$$libinit$$00000000) refers (Special) to libinit2.o(.ARM.Collect$$libinit$$00000001) for __rt_lib_init_fp_1
    libinit.o(.ARM.Collect$$libinit$$00000000) refers (Special) to libinit2.o(.ARM.Collect$$libinit$$0000001F) for __rt_lib_init_fp_trap_1
    libinit.o(.ARM.Collect$$libinit$$00000000) refers (Special) to libinit2.o(.ARM.Collect$$libinit$$00000023) for __rt_lib_init_getenv_1
    libinit.o(.ARM.Collect$$libinit$$00000000) refers (Special) to libinit2.o(.ARM.Collect$$libinit$$0000000A) for __rt_lib_init_heap_1
    libinit.o(.ARM.Collect$$libinit$$00000000) refers (Special) to libinit2.o(.ARM.Collect$$libinit$$00000011) for __rt_lib_init_lc_collate_1
    libinit.o(.ARM.Collect$$libinit$$00000000) refers (Special) to libinit2.o(.ARM.Collect$$libinit$$00000013) for __rt_lib_init_lc_ctype_1
    libinit.o(.ARM.Collect$$libinit$$00000000) refers (Special) to libinit2.o(.ARM.Collect$$libinit$$00000015) for __rt_lib_init_lc_monetary_1
    libinit.o(.ARM.Collect$$libinit$$00000000) refers (Special) to libinit2.o(.ARM.Collect$$libinit$$00000017) for __rt_lib_init_lc_numeric_1
    libinit.o(.ARM.Collect$$libinit$$00000000) refers (Special) to libinit2.o(.ARM.Collect$$libinit$$00000019) for __rt_lib_init_lc_time_1
    libinit.o(.ARM.Collect$$libinit$$00000000) refers (Special) to libinit2.o(.ARM.Collect$$libinit$$00000004) for __rt_lib_init_preinit_1
    libinit.o(.ARM.Collect$$libinit$$00000000) refers (Special) to libinit2.o(.ARM.Collect$$libinit$$0000000E) for __rt_lib_init_rand_1
    libinit.o(.ARM.Collect$$libinit$$00000000) refers (Special) to libinit2.o(.ARM.Collect$$libinit$$00000033) for __rt_lib_init_return
    libinit.o(.ARM.Collect$$libinit$$00000000) refers (Special) to libinit2.o(.ARM.Collect$$libinit$$0000001D) for __rt_lib_init_signal_1
    libinit.o(.ARM.Collect$$libinit$$00000000) refers (Special) to libinit2.o(.ARM.Collect$$libinit$$00000025) for __rt_lib_init_stdio_1
    libinit.o(.ARM.Collect$$libinit$$00000000) refers (Special) to libinit2.o(.ARM.Collect$$libinit$$0000000C) for __rt_lib_init_user_alloc_1
    libspace.o(.text) refers to libspace.o(.bss) for __libspace_start
    rtexit.o(.ARM.Collect$$rtexit$$00000000) refers (Special) to rtexit2.o(.ARM.Collect$$rtexit$$00000004) for __rt_exit_exit
    rtexit.o(.ARM.Collect$$rtexit$$00000000) refers (Special) to rtexit2.o(.ARM.Collect$$rtexit$$00000003) for __rt_exit_ls
    rtexit.o(.ARM.Collect$$rtexit$$00000000) refers (Special) to rtexit2.o(.ARM.Collect$$rtexit$$00000002) for __rt_exit_prels_1
    rtexit.o(.ARM.exidx) refers (Special) to rtexit2.o(.ARM.Collect$$rtexit$$00000004) for __rt_exit_exit
    rtexit.o(.ARM.exidx) refers (Special) to rtexit2.o(.ARM.Collect$$rtexit$$00000003) for __rt_exit_ls
    rtexit.o(.ARM.exidx) refers (Special) to rtexit2.o(.ARM.Collect$$rtexit$$00000002) for __rt_exit_prels_1
    rtexit.o(.ARM.exidx) refers to rtexit.o(.ARM.Collect$$rtexit$$00000000) for .ARM.Collect$$rtexit$$00000000
    rt_raise.o(.text) refers to __raise.o(.text) for __raise
    rt_raise.o(.text) refers to wk_usart.o(.text) for _sys_exit
    defsig_exit.o(.text) refers to wk_usart.o(.text) for _sys_exit
    defsig_fpe_inner.o(.text) refers to defsig_general.o(.text) for __default_signal_display
    libinit2.o(.ARM.Collect$$libinit$$00000001) refers to fpinit.o(x$fpl$fpinit) for _fp_init
    libinit2.o(.ARM.Collect$$libinit$$00000010) refers to libinit2.o(.ARM.Collect$$libinit$$0000000F) for .ARM.Collect$$libinit$$0000000F
    libinit2.o(.ARM.Collect$$libinit$$00000012) refers to libinit2.o(.ARM.Collect$$libinit$$0000000F) for .ARM.Collect$$libinit$$0000000F
    libinit2.o(.ARM.Collect$$libinit$$00000014) refers to libinit2.o(.ARM.Collect$$libinit$$0000000F) for .ARM.Collect$$libinit$$0000000F
    libinit2.o(.ARM.Collect$$libinit$$00000016) refers to libinit2.o(.ARM.Collect$$libinit$$0000000F) for .ARM.Collect$$libinit$$0000000F
    libinit2.o(.ARM.Collect$$libinit$$00000018) refers to libinit2.o(.ARM.Collect$$libinit$$0000000F) for .ARM.Collect$$libinit$$0000000F
    libinit2.o(.ARM.Collect$$libinit$$00000026) refers to argv_veneer.o(.emb_text) for __ARM_argv_veneer
    libinit2.o(.ARM.Collect$$libinit$$00000027) refers to argv_veneer.o(.emb_text) for __ARM_argv_veneer
    rtexit2.o(.ARM.Collect$$rtexit$$00000003) refers to libshutdown.o(.ARM.Collect$$libshutdown$$00000000) for __rt_lib_shutdown
    rtexit2.o(.ARM.Collect$$rtexit$$00000004) refers to wk_usart.o(.text) for _sys_exit
    rtexit2.o(.ARM.exidx) refers to rtexit2.o(.ARM.Collect$$rtexit$$00000001) for .ARM.Collect$$rtexit$$00000001
    rtexit2.o(.ARM.exidx) refers to rtexit2.o(.ARM.Collect$$rtexit$$00000003) for .ARM.Collect$$rtexit$$00000003
    rtexit2.o(.ARM.exidx) refers to rtexit2.o(.ARM.Collect$$rtexit$$00000004) for .ARM.Collect$$rtexit$$00000004
    __raise.o(.text) refers to defsig.o(CL$$defsig) for __default_signal_handler
    defsig_general.o(.text) refers to sys_wrch.o(.text) for _ttywrch
    argv_veneer.o(.emb_text) refers to no_argv.o(.text) for __ARM_get_argv
    sys_wrch.o(.text) refers (Special) to use_no_semi.o(.text) for __I$use$semihosting
    sys_wrch.o(.text) refers (Special) to indicate_semi.o(.text) for __semihosting_library_function
    defsig.o(CL$$defsig) refers to defsig_fpe_inner.o(.text) for __rt_SIGFPE_inner
    defsig.o(CL$$defsig) refers to defsig_rtmem_inner.o(.text) for __rt_SIGRTMEM_inner
    _get_argv_nomalloc.o(.text) refers (Special) to hrguard.o(.text) for __heap_region$guard
    _get_argv_nomalloc.o(.text) refers to defsig_rtmem_outer.o(.text) for __rt_SIGRTMEM
    _get_argv_nomalloc.o(.text) refers to sys_command.o(.text) for _sys_command_string
    libshutdown.o(.ARM.Collect$$libshutdown$$00000000) refers (Special) to libshutdown2.o(.ARM.Collect$$libshutdown$$00000004) for __rt_lib_shutdown_cpp_1
    libshutdown.o(.ARM.Collect$$libshutdown$$00000000) refers (Special) to libshutdown2.o(.ARM.Collect$$libshutdown$$00000002) for __rt_lib_shutdown_fini_1
    libshutdown.o(.ARM.Collect$$libshutdown$$00000000) refers (Special) to libshutdown2.o(.ARM.Collect$$libshutdown$$00000009) for __rt_lib_shutdown_fp_trap_1
    libshutdown.o(.ARM.Collect$$libshutdown$$00000000) refers (Special) to libshutdown2.o(.ARM.Collect$$libshutdown$$00000011) for __rt_lib_shutdown_heap_1
    libshutdown.o(.ARM.Collect$$libshutdown$$00000000) refers (Special) to libshutdown2.o(.ARM.Collect$$libshutdown$$00000012) for __rt_lib_shutdown_return
    libshutdown.o(.ARM.Collect$$libshutdown$$00000000) refers (Special) to libshutdown2.o(.ARM.Collect$$libshutdown$$0000000C) for __rt_lib_shutdown_signal_1
    libshutdown.o(.ARM.Collect$$libshutdown$$00000000) refers (Special) to libshutdown2.o(.ARM.Collect$$libshutdown$$00000006) for __rt_lib_shutdown_stdio_1
    libshutdown.o(.ARM.Collect$$libshutdown$$00000000) refers (Special) to libshutdown2.o(.ARM.Collect$$libshutdown$$0000000E) for __rt_lib_shutdown_user_alloc_1
    sys_command.o(.text) refers (Special) to use_no_semi.o(.text) for __I$use$semihosting
    sys_command.o(.text) refers (Special) to indicate_semi.o(.text) for __semihosting_library_function
    defsig_abrt_inner.o(.text) refers to defsig_general.o(.text) for __default_signal_display
    defsig_rtred_inner.o(.text) refers to defsig_general.o(.text) for __default_signal_display
    defsig_rtmem_inner.o(.text) refers to defsig_general.o(.text) for __default_signal_display
    defsig_rtmem_outer.o(.text) refers to defsig_rtmem_inner.o(.text) for __rt_SIGRTMEM_inner
    defsig_rtmem_outer.o(.text) refers to defsig_exit.o(.text) for __sig_exit
    defsig_rtmem_formal.o(.text) refers to rt_raise.o(.text) for __rt_raise
    defsig_stak_inner.o(.text) refers to defsig_general.o(.text) for __default_signal_display
    defsig_pvfn_inner.o(.text) refers to defsig_general.o(.text) for __default_signal_display
    defsig_cppl_inner.o(.text) refers to defsig_general.o(.text) for __default_signal_display
    defsig_segv_inner.o(.text) refers to defsig_general.o(.text) for __default_signal_display
    defsig_other.o(.text) refers to defsig_general.o(.text) for __default_signal_display


==============================================================================

Removing Unused input sections from the image.

    Removing main.o(.rev16_text), (4 bytes).
    Removing main.o(.revsh_text), (4 bytes).
    Removing main.o(.rrx_text), (6 bytes).
    Removing delay.o(.rev16_text), (4 bytes).
    Removing delay.o(.revsh_text), (4 bytes).
    Removing delay.o(.rrx_text), (6 bytes).
    Removing delay.o(.text), (192 bytes).
    Removing delay.o(.data), (16 bytes).
    Removing wk_usart.o(.rev16_text), (4 bytes).
    Removing wk_usart.o(.revsh_text), (4 bytes).
    Removing wk_usart.o(.rrx_text), (6 bytes).
    Removing wk_system.o(.rev16_text), (4 bytes).
    Removing wk_system.o(.revsh_text), (4 bytes).
    Removing wk_system.o(.rrx_text), (6 bytes).
    Removing at32f435_437_wk_config.o(.rev16_text), (4 bytes).
    Removing at32f435_437_wk_config.o(.revsh_text), (4 bytes).
    Removing at32f435_437_wk_config.o(.rrx_text), (6 bytes).
    Removing wk_gpio.o(.rev16_text), (4 bytes).
    Removing wk_gpio.o(.revsh_text), (4 bytes).
    Removing wk_gpio.o(.rrx_text), (6 bytes).
    Removing wk_adc.o(.rev16_text), (4 bytes).
    Removing wk_adc.o(.revsh_text), (4 bytes).
    Removing wk_adc.o(.rrx_text), (6 bytes).
    Removing wk_adc.o(.bss), (64 bytes).
    Removing at32f435_437_crm.o(.rev16_text), (4 bytes).
    Removing at32f435_437_crm.o(.revsh_text), (4 bytes).
    Removing at32f435_437_crm.o(.rrx_text), (6 bytes).
    Removing at32f435_437_tmr.o(.rev16_text), (4 bytes).
    Removing at32f435_437_tmr.o(.revsh_text), (4 bytes).
    Removing at32f435_437_tmr.o(.rrx_text), (6 bytes).
    Removing at32f435_437_tmr.o(.text), (2308 bytes).
    Removing at32f435_437_tmr.o(RAMCODE1), (30 bytes).
    Removing at32f435_437_ertc.o(.rev16_text), (4 bytes).
    Removing at32f435_437_ertc.o(.revsh_text), (4 bytes).
    Removing at32f435_437_ertc.o(.rrx_text), (6 bytes).
    Removing at32f435_437_ertc.o(.text), (2692 bytes).
    Removing at32f435_437_gpio.o(.rev16_text), (4 bytes).
    Removing at32f435_437_gpio.o(.revsh_text), (4 bytes).
    Removing at32f435_437_gpio.o(.rrx_text), (6 bytes).
    Removing at32f435_437_i2c.o(.rev16_text), (4 bytes).
    Removing at32f435_437_i2c.o(.revsh_text), (4 bytes).
    Removing at32f435_437_i2c.o(.rrx_text), (6 bytes).
    Removing at32f435_437_i2c.o(.text), (708 bytes).
    Removing at32f435_437_usart.o(.rev16_text), (4 bytes).
    Removing at32f435_437_usart.o(.revsh_text), (4 bytes).
    Removing at32f435_437_usart.o(.rrx_text), (6 bytes).
    Removing at32f435_437_usart.o(RAMCODE1), (164 bytes).
    Removing at32f435_437_pwc.o(.rev16_text), (4 bytes).
    Removing at32f435_437_pwc.o(.revsh_text), (4 bytes).
    Removing at32f435_437_pwc.o(.rrx_text), (6 bytes).
    Removing at32f435_437_pwc.o(.text), (248 bytes).
    Removing at32f435_437_adc.o(.rev16_text), (4 bytes).
    Removing at32f435_437_adc.o(.revsh_text), (4 bytes).
    Removing at32f435_437_adc.o(.rrx_text), (6 bytes).
    Removing at32f435_437_adc.o(.text), (1142 bytes).
    Removing at32f435_437_spi.o(.rev16_text), (4 bytes).
    Removing at32f435_437_spi.o(.revsh_text), (4 bytes).
    Removing at32f435_437_spi.o(.rrx_text), (6 bytes).
    Removing at32f435_437_spi.o(.text), (1126 bytes).
    Removing at32f435_437_dma.o(.rev16_text), (4 bytes).
    Removing at32f435_437_dma.o(.revsh_text), (4 bytes).
    Removing at32f435_437_dma.o(.rrx_text), (6 bytes).
    Removing at32f435_437_dma.o(.text), (748 bytes).
    Removing at32f435_437_edma.o(.rev16_text), (4 bytes).
    Removing at32f435_437_edma.o(.revsh_text), (4 bytes).
    Removing at32f435_437_edma.o(.rrx_text), (6 bytes).
    Removing at32f435_437_edma.o(.text), (1012 bytes).
    Removing at32f435_437_debug.o(.rev16_text), (4 bytes).
    Removing at32f435_437_debug.o(.revsh_text), (4 bytes).
    Removing at32f435_437_debug.o(.rrx_text), (6 bytes).
    Removing at32f435_437_debug.o(.text), (64 bytes).
    Removing at32f435_437_flash.o(.rev16_text), (4 bytes).
    Removing at32f435_437_flash.o(.revsh_text), (4 bytes).
    Removing at32f435_437_flash.o(.rrx_text), (6 bytes).
    Removing at32f435_437_flash.o(.text), (1992 bytes).
    Removing at32f435_437_flash.o(.constdata), (8 bytes).
    Removing at32f435_437_crc.o(.rev16_text), (4 bytes).
    Removing at32f435_437_crc.o(.revsh_text), (4 bytes).
    Removing at32f435_437_crc.o(.rrx_text), (6 bytes).
    Removing at32f435_437_crc.o(.text), (140 bytes).
    Removing at32f435_437_wwdt.o(.rev16_text), (4 bytes).
    Removing at32f435_437_wwdt.o(.revsh_text), (4 bytes).
    Removing at32f435_437_wwdt.o(.rrx_text), (6 bytes).
    Removing at32f435_437_wwdt.o(.text), (144 bytes).
    Removing at32f435_437_wdt.o(.rev16_text), (4 bytes).
    Removing at32f435_437_wdt.o(.revsh_text), (4 bytes).
    Removing at32f435_437_wdt.o(.rrx_text), (6 bytes).
    Removing at32f435_437_wdt.o(.text), (84 bytes).
    Removing at32f435_437_exint.o(.rev16_text), (4 bytes).
    Removing at32f435_437_exint.o(.revsh_text), (4 bytes).
    Removing at32f435_437_exint.o(.rrx_text), (6 bytes).
    Removing at32f435_437_exint.o(.text), (248 bytes).
    Removing at32f435_437_misc.o(.rev16_text), (4 bytes).
    Removing at32f435_437_misc.o(.revsh_text), (4 bytes).
    Removing at32f435_437_misc.o(.rrx_text), (6 bytes).
    Removing at32f435_437_scfg.o(.rev16_text), (4 bytes).
    Removing at32f435_437_scfg.o(.revsh_text), (4 bytes).
    Removing at32f435_437_scfg.o(.rrx_text), (6 bytes).
    Removing at32f435_437_scfg.o(.text), (196 bytes).
    Removing at32f435_437_usb.o(.rev16_text), (4 bytes).
    Removing at32f435_437_usb.o(.revsh_text), (4 bytes).
    Removing at32f435_437_usb.o(.rrx_text), (6 bytes).
    Removing at32f435_437_usb.o(.text), (1874 bytes).
    Removing at32f435_437_acc.o(.rev16_text), (4 bytes).
    Removing at32f435_437_acc.o(.revsh_text), (4 bytes).
    Removing at32f435_437_acc.o(.rrx_text), (6 bytes).
    Removing at32f435_437_acc.o(.text), (228 bytes).
    Removing at32f435_437_can.o(.rev16_text), (4 bytes).
    Removing at32f435_437_can.o(.revsh_text), (4 bytes).
    Removing at32f435_437_can.o(.rrx_text), (6 bytes).
    Removing at32f435_437_can.o(.text), (1940 bytes).
    Removing at32f435_437_dac.o(.rev16_text), (4 bytes).
    Removing at32f435_437_dac.o(.revsh_text), (4 bytes).
    Removing at32f435_437_dac.o(.rrx_text), (6 bytes).
    Removing at32f435_437_dac.o(.text), (488 bytes).
    Removing at32f435_437_xmc.o(.rev16_text), (4 bytes).
    Removing at32f435_437_xmc.o(.revsh_text), (4 bytes).
    Removing at32f435_437_xmc.o(.rrx_text), (6 bytes).
    Removing at32f435_437_xmc.o(.text), (1878 bytes).
    Removing at32f435_437_qspi.o(.rev16_text), (4 bytes).
    Removing at32f435_437_qspi.o(.revsh_text), (4 bytes).
    Removing at32f435_437_qspi.o(.rrx_text), (6 bytes).
    Removing at32f435_437_qspi.o(.text), (520 bytes).
    Removing at32f435_437_sdio.o(.rev16_text), (4 bytes).
    Removing at32f435_437_sdio.o(.revsh_text), (4 bytes).
    Removing at32f435_437_sdio.o(.rrx_text), (6 bytes).
    Removing at32f435_437_sdio.o(.text), (432 bytes).
    Removing at32f435_437_dvp.o(.rev16_text), (4 bytes).
    Removing at32f435_437_dvp.o(.revsh_text), (4 bytes).
    Removing at32f435_437_dvp.o(.rrx_text), (6 bytes).
    Removing at32f435_437_dvp.o(.text), (540 bytes).
    Removing at32f435_437_emac.o(.rev16_text), (4 bytes).
    Removing at32f435_437_emac.o(.revsh_text), (4 bytes).
    Removing at32f435_437_emac.o(.rrx_text), (6 bytes).
    Removing system_at32f435_437.o(.rev16_text), (4 bytes).
    Removing system_at32f435_437.o(.revsh_text), (4 bytes).
    Removing system_at32f435_437.o(.rrx_text), (6 bytes).

137 unused section(s) (total 21730 bytes) removed from the image.

==============================================================================

Image Symbol Table

    Local Symbols

    Symbol Name                              Value     Ov Type        Size  Object(Section)

    ../clib/angel/boardlib.s                 0x00000000   Number         0  boardinit3.o ABSOLUTE
    ../clib/angel/boardlib.s                 0x00000000   Number         0  boardinit2.o ABSOLUTE
    ../clib/angel/boardlib.s                 0x00000000   Number         0  boardinit1.o ABSOLUTE
    ../clib/angel/boardlib.s                 0x00000000   Number         0  boardshut.o ABSOLUTE
    ../clib/angel/handlers.s                 0x00000000   Number         0  __scatter_zi.o ABSOLUTE
    ../clib/angel/handlers.s                 0x00000000   Number         0  __scatter_copy.o ABSOLUTE
    ../clib/angel/kernel.s                   0x00000000   Number         0  __rtentry.o ABSOLUTE
    ../clib/angel/kernel.s                   0x00000000   Number         0  rtexit.o ABSOLUTE
    ../clib/angel/kernel.s                   0x00000000   Number         0  rtexit2.o ABSOLUTE
    ../clib/angel/kernel.s                   0x00000000   Number         0  __rtentry2.o ABSOLUTE
    ../clib/angel/kernel.s                   0x00000000   Number         0  __rtentry4.o ABSOLUTE
    ../clib/angel/rt.s                       0x00000000   Number         0  aeabi_ldiv0.o ABSOLUTE
    ../clib/angel/rt.s                       0x00000000   Number         0  aeabi_ldiv0_sigfpe.o ABSOLUTE
    ../clib/angel/rt.s                       0x00000000   Number         0  rt_div0.o ABSOLUTE
    ../clib/angel/rt.s                       0x00000000   Number         0  rt_raise.o ABSOLUTE
    ../clib/angel/scatter.s                  0x00000000   Number         0  __scatter.o ABSOLUTE
    ../clib/angel/startup.s                  0x00000000   Number         0  __main.o ABSOLUTE
    ../clib/angel/sys.s                      0x00000000   Number         0  libspace.o ABSOLUTE
    ../clib/angel/sys.s                      0x00000000   Number         0  indicate_semi.o ABSOLUTE
    ../clib/angel/sys.s                      0x00000000   Number         0  sys_stackheap_outer.o ABSOLUTE
    ../clib/angel/sys.s                      0x00000000   Number         0  use_no_semi_2.o ABSOLUTE
    ../clib/angel/sys.s                      0x00000000   Number         0  use_no_semi.o ABSOLUTE
    ../clib/angel/sysapp.c                   0x00000000   Number         0  sys_wrch.o ABSOLUTE
    ../clib/angel/sysapp.c                   0x00000000   Number         0  sys_command.o ABSOLUTE
    ../clib/armsys.c                         0x00000000   Number         0  argv_veneer.o ABSOLUTE
    ../clib/armsys.c                         0x00000000   Number         0  argv_veneer.o ABSOLUTE
    ../clib/armsys.c                         0x00000000   Number         0  _get_argv_nomalloc.o ABSOLUTE
    ../clib/armsys.c                         0x00000000   Number         0  no_argv.o ABSOLUTE
    ../clib/heapalloc.c                      0x00000000   Number         0  hrguard.o ABSOLUTE
    ../clib/heapaux.c                        0x00000000   Number         0  heapauxi.o ABSOLUTE
    ../clib/libinit.s                        0x00000000   Number         0  libinit.o ABSOLUTE
    ../clib/libinit.s                        0x00000000   Number         0  libshutdown.o ABSOLUTE
    ../clib/libinit.s                        0x00000000   Number         0  libshutdown2.o ABSOLUTE
    ../clib/libinit.s                        0x00000000   Number         0  libinit2.o ABSOLUTE
    ../clib/longlong.s                       0x00000000   Number         0  lludivv7m.o ABSOLUTE
    ../clib/printf.c                         0x00000000   Number         0  __2printf.o ABSOLUTE
    ../clib/printf.c                         0x00000000   Number         0  noretval__2printf.o ABSOLUTE
    ../clib/printf.c                         0x00000000   Number         0  _printf_char_common.o ABSOLUTE
    ../clib/printf.c                         0x00000000   Number         0  __printf_nopercent.o ABSOLUTE
    ../clib/printf.c                         0x00000000   Number         0  _printf_char_file.o ABSOLUTE
    ../clib/signal.c                         0x00000000   Number         0  defsig_pvfn_inner.o ABSOLUTE
    ../clib/signal.c                         0x00000000   Number         0  defsig_stak_inner.o ABSOLUTE
    ../clib/signal.c                         0x00000000   Number         0  defsig_fpe_inner.o ABSOLUTE
    ../clib/signal.c                         0x00000000   Number         0  defsig_rtmem_formal.o ABSOLUTE
    ../clib/signal.c                         0x00000000   Number         0  defsig_rtmem_outer.o ABSOLUTE
    ../clib/signal.c                         0x00000000   Number         0  defsig_rtmem_inner.o ABSOLUTE
    ../clib/signal.c                         0x00000000   Number         0  defsig_rtred_inner.o ABSOLUTE
    ../clib/signal.c                         0x00000000   Number         0  defsig_abrt_inner.o ABSOLUTE
    ../clib/signal.c                         0x00000000   Number         0  defsig_cppl_inner.o ABSOLUTE
    ../clib/signal.c                         0x00000000   Number         0  defsig_segv_inner.o ABSOLUTE
    ../clib/signal.c                         0x00000000   Number         0  defsig_other.o ABSOLUTE
    ../clib/signal.c                         0x00000000   Number         0  defsig_general.o ABSOLUTE
    ../clib/signal.c                         0x00000000   Number         0  defsig_exit.o ABSOLUTE
    ../clib/signal.c                         0x00000000   Number         0  defsig_fpe_formal.o ABSOLUTE
    ../clib/signal.c                         0x00000000   Number         0  __raise.o ABSOLUTE
    ../clib/signal.c                         0x00000000   Number         0  defsig_fpe_outer.o ABSOLUTE
    ../clib/signal.s                         0x00000000   Number         0  defsig.o ABSOLUTE
    ../clib/stdio.c                          0x00000000   Number         0  ferror_locked.o ABSOLUTE
    ../clib/stdio.c                          0x00000000   Number         0  ferror.o ABSOLUTE
    ../clib/stdlib.c                         0x00000000   Number         0  exit.o ABSOLUTE
    ../fplib/fpinit.s                        0x00000000   Number         0  fpinit.o ABSOLUTE
    ..\..\libraries\cmsis\cm4\device_support\system_at32f435_437.c 0x00000000   Number         0  system_at32f435_437.o ABSOLUTE
    ..\..\libraries\drivers\src\at32f435_437_acc.c 0x00000000   Number         0  at32f435_437_acc.o ABSOLUTE
    ..\..\libraries\drivers\src\at32f435_437_adc.c 0x00000000   Number         0  at32f435_437_adc.o ABSOLUTE
    ..\..\libraries\drivers\src\at32f435_437_can.c 0x00000000   Number         0  at32f435_437_can.o ABSOLUTE
    ..\..\libraries\drivers\src\at32f435_437_crc.c 0x00000000   Number         0  at32f435_437_crc.o ABSOLUTE
    ..\..\libraries\drivers\src\at32f435_437_crm.c 0x00000000   Number         0  at32f435_437_crm.o ABSOLUTE
    ..\..\libraries\drivers\src\at32f435_437_dac.c 0x00000000   Number         0  at32f435_437_dac.o ABSOLUTE
    ..\..\libraries\drivers\src\at32f435_437_debug.c 0x00000000   Number         0  at32f435_437_debug.o ABSOLUTE
    ..\..\libraries\drivers\src\at32f435_437_dma.c 0x00000000   Number         0  at32f435_437_dma.o ABSOLUTE
    ..\..\libraries\drivers\src\at32f435_437_dvp.c 0x00000000   Number         0  at32f435_437_dvp.o ABSOLUTE
    ..\..\libraries\drivers\src\at32f435_437_edma.c 0x00000000   Number         0  at32f435_437_edma.o ABSOLUTE
    ..\..\libraries\drivers\src\at32f435_437_emac.c 0x00000000   Number         0  at32f435_437_emac.o ABSOLUTE
    ..\..\libraries\drivers\src\at32f435_437_ertc.c 0x00000000   Number         0  at32f435_437_ertc.o ABSOLUTE
    ..\..\libraries\drivers\src\at32f435_437_exint.c 0x00000000   Number         0  at32f435_437_exint.o ABSOLUTE
    ..\..\libraries\drivers\src\at32f435_437_flash.c 0x00000000   Number         0  at32f435_437_flash.o ABSOLUTE
    ..\..\libraries\drivers\src\at32f435_437_gpio.c 0x00000000   Number         0  at32f435_437_gpio.o ABSOLUTE
    ..\..\libraries\drivers\src\at32f435_437_i2c.c 0x00000000   Number         0  at32f435_437_i2c.o ABSOLUTE
    ..\..\libraries\drivers\src\at32f435_437_misc.c 0x00000000   Number         0  at32f435_437_misc.o ABSOLUTE
    ..\..\libraries\drivers\src\at32f435_437_pwc.c 0x00000000   Number         0  at32f435_437_pwc.o ABSOLUTE
    ..\..\libraries\drivers\src\at32f435_437_qspi.c 0x00000000   Number         0  at32f435_437_qspi.o ABSOLUTE
    ..\..\libraries\drivers\src\at32f435_437_scfg.c 0x00000000   Number         0  at32f435_437_scfg.o ABSOLUTE
    ..\..\libraries\drivers\src\at32f435_437_sdio.c 0x00000000   Number         0  at32f435_437_sdio.o ABSOLUTE
    ..\..\libraries\drivers\src\at32f435_437_spi.c 0x00000000   Number         0  at32f435_437_spi.o ABSOLUTE
    ..\..\libraries\drivers\src\at32f435_437_tmr.c 0x00000000   Number         0  at32f435_437_tmr.o ABSOLUTE
    ..\..\libraries\drivers\src\at32f435_437_usart.c 0x00000000   Number         0  at32f435_437_usart.o ABSOLUTE
    ..\..\libraries\drivers\src\at32f435_437_usb.c 0x00000000   Number         0  at32f435_437_usb.o ABSOLUTE
    ..\..\libraries\drivers\src\at32f435_437_wdt.c 0x00000000   Number         0  at32f435_437_wdt.o ABSOLUTE
    ..\..\libraries\drivers\src\at32f435_437_wwdt.c 0x00000000   Number         0  at32f435_437_wwdt.o ABSOLUTE
    ..\..\libraries\drivers\src\at32f435_437_xmc.c 0x00000000   Number         0  at32f435_437_xmc.o ABSOLUTE
    ..\\..\\libraries\\cmsis\\cm4\\device_support\\system_at32f435_437.c 0x00000000   Number         0  system_at32f435_437.o ABSOLUTE
    ..\\..\\libraries\\drivers\\src\\at32f435_437_acc.c 0x00000000   Number         0  at32f435_437_acc.o ABSOLUTE
    ..\\..\\libraries\\drivers\\src\\at32f435_437_adc.c 0x00000000   Number         0  at32f435_437_adc.o ABSOLUTE
    ..\\..\\libraries\\drivers\\src\\at32f435_437_can.c 0x00000000   Number         0  at32f435_437_can.o ABSOLUTE
    ..\\..\\libraries\\drivers\\src\\at32f435_437_crc.c 0x00000000   Number         0  at32f435_437_crc.o ABSOLUTE
    ..\\..\\libraries\\drivers\\src\\at32f435_437_crm.c 0x00000000   Number         0  at32f435_437_crm.o ABSOLUTE
    ..\\..\\libraries\\drivers\\src\\at32f435_437_dac.c 0x00000000   Number         0  at32f435_437_dac.o ABSOLUTE
    ..\\..\\libraries\\drivers\\src\\at32f435_437_debug.c 0x00000000   Number         0  at32f435_437_debug.o ABSOLUTE
    ..\\..\\libraries\\drivers\\src\\at32f435_437_dma.c 0x00000000   Number         0  at32f435_437_dma.o ABSOLUTE
    ..\\..\\libraries\\drivers\\src\\at32f435_437_dvp.c 0x00000000   Number         0  at32f435_437_dvp.o ABSOLUTE
    ..\\..\\libraries\\drivers\\src\\at32f435_437_edma.c 0x00000000   Number         0  at32f435_437_edma.o ABSOLUTE
    ..\\..\\libraries\\drivers\\src\\at32f435_437_emac.c 0x00000000   Number         0  at32f435_437_emac.o ABSOLUTE
    ..\\..\\libraries\\drivers\\src\\at32f435_437_ertc.c 0x00000000   Number         0  at32f435_437_ertc.o ABSOLUTE
    ..\\..\\libraries\\drivers\\src\\at32f435_437_exint.c 0x00000000   Number         0  at32f435_437_exint.o ABSOLUTE
    ..\\..\\libraries\\drivers\\src\\at32f435_437_flash.c 0x00000000   Number         0  at32f435_437_flash.o ABSOLUTE
    ..\\..\\libraries\\drivers\\src\\at32f435_437_gpio.c 0x00000000   Number         0  at32f435_437_gpio.o ABSOLUTE
    ..\\..\\libraries\\drivers\\src\\at32f435_437_i2c.c 0x00000000   Number         0  at32f435_437_i2c.o ABSOLUTE
    ..\\..\\libraries\\drivers\\src\\at32f435_437_misc.c 0x00000000   Number         0  at32f435_437_misc.o ABSOLUTE
    ..\\..\\libraries\\drivers\\src\\at32f435_437_pwc.c 0x00000000   Number         0  at32f435_437_pwc.o ABSOLUTE
    ..\\..\\libraries\\drivers\\src\\at32f435_437_qspi.c 0x00000000   Number         0  at32f435_437_qspi.o ABSOLUTE
    ..\\..\\libraries\\drivers\\src\\at32f435_437_scfg.c 0x00000000   Number         0  at32f435_437_scfg.o ABSOLUTE
    ..\\..\\libraries\\drivers\\src\\at32f435_437_sdio.c 0x00000000   Number         0  at32f435_437_sdio.o ABSOLUTE
    ..\\..\\libraries\\drivers\\src\\at32f435_437_spi.c 0x00000000   Number         0  at32f435_437_spi.o ABSOLUTE
    ..\\..\\libraries\\drivers\\src\\at32f435_437_tmr.c 0x00000000   Number         0  at32f435_437_tmr.o ABSOLUTE
    ..\\..\\libraries\\drivers\\src\\at32f435_437_usart.c 0x00000000   Number         0  at32f435_437_usart.o ABSOLUTE
    ..\\..\\libraries\\drivers\\src\\at32f435_437_usb.c 0x00000000   Number         0  at32f435_437_usb.o ABSOLUTE
    ..\\..\\libraries\\drivers\\src\\at32f435_437_wdt.c 0x00000000   Number         0  at32f435_437_wdt.o ABSOLUTE
    ..\\..\\libraries\\drivers\\src\\at32f435_437_wwdt.c 0x00000000   Number         0  at32f435_437_wwdt.o ABSOLUTE
    ..\\..\\libraries\\drivers\\src\\at32f435_437_xmc.c 0x00000000   Number         0  at32f435_437_xmc.o ABSOLUTE
    ..\\user\\Delay.c                        0x00000000   Number         0  delay.o ABSOLUTE
    ..\\user\\at32f435_437_wk_config.c       0x00000000   Number         0  at32f435_437_wk_config.o ABSOLUTE
    ..\\user\\main.c                         0x00000000   Number         0  main.o ABSOLUTE
    ..\\user\\wk_adc.c                       0x00000000   Number         0  wk_adc.o ABSOLUTE
    ..\\user\\wk_gpio.c                      0x00000000   Number         0  wk_gpio.o ABSOLUTE
    ..\\user\\wk_system.c                    0x00000000   Number         0  wk_system.o ABSOLUTE
    ..\\user\\wk_usart.c                     0x00000000   Number         0  wk_usart.o ABSOLUTE
    ..\user\Delay.c                          0x00000000   Number         0  delay.o ABSOLUTE
    ..\user\at32f435_437_int.c               0x00000000   Number         0  at32f435_437_int.o ABSOLUTE
    ..\user\at32f435_437_wk_config.c         0x00000000   Number         0  at32f435_437_wk_config.o ABSOLUTE
    ..\user\main.c                           0x00000000   Number         0  main.o ABSOLUTE
    ..\user\wk_adc.c                         0x00000000   Number         0  wk_adc.o ABSOLUTE
    ..\user\wk_gpio.c                        0x00000000   Number         0  wk_gpio.o ABSOLUTE
    ..\user\wk_system.c                      0x00000000   Number         0  wk_system.o ABSOLUTE
    ..\user\wk_usart.c                       0x00000000   Number         0  wk_usart.o ABSOLUTE
    dc.s                                     0x00000000   Number         0  dc.o ABSOLUTE
    startup_at32f435_437.s                   0x00000000   Number         0  startup_at32f435_437.o ABSOLUTE
    RESET                                    0x08000000   Section      524  startup_at32f435_437.o(RESET)
    !!!main                                  0x0800020c   Section        8  __main.o(!!!main)
    !!!scatter                               0x08000214   Section       52  __scatter.o(!!!scatter)
    !!handler_copy                           0x08000248   Section       26  __scatter_copy.o(!!handler_copy)
    !!handler_zi                             0x08000264   Section       28  __scatter_zi.o(!!handler_zi)
    .ARM.Collect$$libinit$$00000000          0x08000280   Section        2  libinit.o(.ARM.Collect$$libinit$$00000000)
    .ARM.Collect$$libinit$$00000001          0x08000282   Section        4  libinit2.o(.ARM.Collect$$libinit$$00000001)
    .ARM.Collect$$libinit$$00000004          0x08000286   Section        0  libinit2.o(.ARM.Collect$$libinit$$00000004)
    .ARM.Collect$$libinit$$0000000A          0x08000286   Section        0  libinit2.o(.ARM.Collect$$libinit$$0000000A)
    .ARM.Collect$$libinit$$0000000C          0x08000286   Section        0  libinit2.o(.ARM.Collect$$libinit$$0000000C)
    .ARM.Collect$$libinit$$0000000E          0x08000286   Section        0  libinit2.o(.ARM.Collect$$libinit$$0000000E)
    .ARM.Collect$$libinit$$00000011          0x08000286   Section        0  libinit2.o(.ARM.Collect$$libinit$$00000011)
    .ARM.Collect$$libinit$$00000013          0x08000286   Section        0  libinit2.o(.ARM.Collect$$libinit$$00000013)
    .ARM.Collect$$libinit$$00000015          0x08000286   Section        0  libinit2.o(.ARM.Collect$$libinit$$00000015)
    .ARM.Collect$$libinit$$00000017          0x08000286   Section        0  libinit2.o(.ARM.Collect$$libinit$$00000017)
    .ARM.Collect$$libinit$$00000019          0x08000286   Section        0  libinit2.o(.ARM.Collect$$libinit$$00000019)
    .ARM.Collect$$libinit$$0000001B          0x08000286   Section        0  libinit2.o(.ARM.Collect$$libinit$$0000001B)
    .ARM.Collect$$libinit$$0000001D          0x08000286   Section        0  libinit2.o(.ARM.Collect$$libinit$$0000001D)
    .ARM.Collect$$libinit$$0000001F          0x08000286   Section        0  libinit2.o(.ARM.Collect$$libinit$$0000001F)
    .ARM.Collect$$libinit$$00000021          0x08000286   Section        0  libinit2.o(.ARM.Collect$$libinit$$00000021)
    .ARM.Collect$$libinit$$00000023          0x08000286   Section        0  libinit2.o(.ARM.Collect$$libinit$$00000023)
    .ARM.Collect$$libinit$$00000025          0x08000286   Section        0  libinit2.o(.ARM.Collect$$libinit$$00000025)
    .ARM.Collect$$libinit$$0000002C          0x08000286   Section        0  libinit2.o(.ARM.Collect$$libinit$$0000002C)
    .ARM.Collect$$libinit$$0000002E          0x08000286   Section        0  libinit2.o(.ARM.Collect$$libinit$$0000002E)
    .ARM.Collect$$libinit$$00000030          0x08000286   Section        0  libinit2.o(.ARM.Collect$$libinit$$00000030)
    .ARM.Collect$$libinit$$00000032          0x08000286   Section        0  libinit2.o(.ARM.Collect$$libinit$$00000032)
    .ARM.Collect$$libinit$$00000033          0x08000286   Section        2  libinit2.o(.ARM.Collect$$libinit$$00000033)
    .ARM.Collect$$libshutdown$$00000000      0x08000288   Section        2  libshutdown.o(.ARM.Collect$$libshutdown$$00000000)
    .ARM.Collect$$libshutdown$$00000002      0x0800028a   Section        0  libshutdown2.o(.ARM.Collect$$libshutdown$$00000002)
    .ARM.Collect$$libshutdown$$00000004      0x0800028a   Section        0  libshutdown2.o(.ARM.Collect$$libshutdown$$00000004)
    .ARM.Collect$$libshutdown$$00000006      0x0800028a   Section        0  libshutdown2.o(.ARM.Collect$$libshutdown$$00000006)
    .ARM.Collect$$libshutdown$$00000009      0x0800028a   Section        0  libshutdown2.o(.ARM.Collect$$libshutdown$$00000009)
    .ARM.Collect$$libshutdown$$0000000C      0x0800028a   Section        0  libshutdown2.o(.ARM.Collect$$libshutdown$$0000000C)
    .ARM.Collect$$libshutdown$$0000000E      0x0800028a   Section        0  libshutdown2.o(.ARM.Collect$$libshutdown$$0000000E)
    .ARM.Collect$$libshutdown$$00000011      0x0800028a   Section        0  libshutdown2.o(.ARM.Collect$$libshutdown$$00000011)
    .ARM.Collect$$libshutdown$$00000012      0x0800028a   Section        2  libshutdown2.o(.ARM.Collect$$libshutdown$$00000012)
    .ARM.Collect$$rtentry$$00000000          0x0800028c   Section        0  __rtentry.o(.ARM.Collect$$rtentry$$00000000)
    .ARM.Collect$$rtentry$$00000002          0x0800028c   Section        0  __rtentry2.o(.ARM.Collect$$rtentry$$00000002)
    .ARM.Collect$$rtentry$$00000004          0x0800028c   Section        6  __rtentry4.o(.ARM.Collect$$rtentry$$00000004)
    .ARM.Collect$$rtentry$$00000009          0x08000292   Section        0  __rtentry2.o(.ARM.Collect$$rtentry$$00000009)
    .ARM.Collect$$rtentry$$0000000A          0x08000292   Section        4  __rtentry2.o(.ARM.Collect$$rtentry$$0000000A)
    .ARM.Collect$$rtentry$$0000000C          0x08000296   Section        0  __rtentry2.o(.ARM.Collect$$rtentry$$0000000C)
    .ARM.Collect$$rtentry$$0000000D          0x08000296   Section        8  __rtentry2.o(.ARM.Collect$$rtentry$$0000000D)
    .ARM.Collect$$rtexit$$00000000           0x0800029e   Section        2  rtexit.o(.ARM.Collect$$rtexit$$00000000)
    .ARM.Collect$$rtexit$$00000002           0x080002a0   Section        0  rtexit2.o(.ARM.Collect$$rtexit$$00000002)
    .ARM.Collect$$rtexit$$00000003           0x080002a0   Section        4  rtexit2.o(.ARM.Collect$$rtexit$$00000003)
    .ARM.Collect$$rtexit$$00000004           0x080002a4   Section        6  rtexit2.o(.ARM.Collect$$rtexit$$00000004)
    .text                                    0x080002ac   Section        0  main.o(.text)
    .text                                    0x080002d4   Section        0  wk_usart.o(.text)
    .text                                    0x08000454   Section        0  wk_system.o(.text)
    .text                                    0x080004bc   Section        0  at32f435_437_wk_config.o(.text)
    .text                                    0x08000590   Section        0  at32f435_437_int.o(.text)
    .text                                    0x08000594   Section        0  wk_gpio.o(.text)
    .text                                    0x08000758   Section        0  at32f435_437_crm.o(.text)
    .text                                    0x08000d08   Section        0  at32f435_437_gpio.o(.text)
    .text                                    0x08000eb4   Section        0  at32f435_437_usart.o(.text)
    .text                                    0x080011b4   Section        0  at32f435_437_misc.o(.text)
    .text                                    0x080012c8   Section       64  startup_at32f435_437.o(.text)
    $v0                                      0x080012c8   Number         0  startup_at32f435_437.o(.text)
    .text                                    0x08001308   Section        0  system_at32f435_437.o(.text)
    .text                                    0x080013f8   Section        2  use_no_semi_2.o(.text)
    .text                                    0x080013fa   Section      238  lludivv7m.o(.text)
    .text                                    0x080014e8   Section        0  noretval__2printf.o(.text)
    .text                                    0x08001500   Section        0  heapauxi.o(.text)
    .text                                    0x08001506   Section        2  use_no_semi.o(.text)
    .text                                    0x08001508   Section        0  _printf_char_file.o(.text)
    .text                                    0x0800152c   Section        0  _printf_char_common.o(.text)
    _printf_input_char                       0x0800152d   Thumb Code    10  _printf_char_common.o(.text)
    .text                                    0x0800155c   Section        0  ferror.o(.text)
    .text                                    0x08001564   Section       74  sys_stackheap_outer.o(.text)
    .text                                    0x080015ae   Section        0  __printf_nopercent.o(.text)
    .text                                    0x080015d6   Section        0  exit.o(.text)
    .text                                    0x080015e8   Section        8  libspace.o(.text)
    x$fpl$fpinit                             0x080015f0   Section       10  fpinit.o(x$fpl$fpinit)
    $v0                                      0x080015f0   Number         0  fpinit.o(x$fpl$fpinit)
    .constdata                               0x080015fa   Section       38  at32f435_437_crm.o(.constdata)
    pll_fr_table                             0x080015fa   Data           6  at32f435_437_crm.o(.constdata)
    ahb_apb1_div_table                       0x08001600   Data           8  at32f435_437_crm.o(.constdata)
    ahb_apb2_div_table                       0x08001608   Data           8  at32f435_437_crm.o(.constdata)
    sclk_ahb_div_table                       0x08001610   Data          16  at32f435_437_crm.o(.constdata)
    .constdata                               0x08001620   Section       22  system_at32f435_437.o(.constdata)
    pll_fr_table                             0x08001620   Data           6  system_at32f435_437.o(.constdata)
    sys_ahb_div_table                        0x08001626   Data          16  system_at32f435_437.o(.constdata)
    .data                                    0x20010000   Section        4  wk_usart.o(.data)
    .data                                    0x20010004   Section        4  wk_system.o(.data)
    .data                                    0x20010008   Section        4  system_at32f435_437.o(.data)
    .bss                                     0x2001000c   Section       96  libspace.o(.bss)
    HEAP                                     0x20010070   Section     1024  startup_at32f435_437.o(HEAP)
    Heap_Mem                                 0x20010070   Data        1024  startup_at32f435_437.o(HEAP)
    STACK                                    0x20010470   Section     2048  startup_at32f435_437.o(STACK)
    Stack_Mem                                0x20010470   Data        2048  startup_at32f435_437.o(STACK)
    __initial_sp                             0x20010c70   Data           0  startup_at32f435_437.o(STACK)

    Global Symbols

    Symbol Name                              Value     Ov Type        Size  Object(Section)

    BuildAttributes$$THM_ISAv4$E$P$D$K$B$S$7EM$VFPi3$EXTD16$VFPS$VFMA$PE$A:L22UL41UL21$X:L11$S22US41US21$IEEE1$IW$USESV6$~STKCKD$USESV7$~SHL$OSPACE$ROPI$EBA8$UX$STANDARDLIB$REQ8$PRES8$EABIv2 0x00000000   Number         0  anon$$obj.o ABSOLUTE
    __ARM_use_no_argv                        0x00000000   Number         0  main.o ABSOLUTE
    __ARM_exceptions_init                     - Undefined Weak Reference
    __alloca_initialize                       - Undefined Weak Reference
    __arm_fini_                               - Undefined Weak Reference
    __arm_preinit_                            - Undefined Weak Reference
    __cpp_initialize__aeabi_                  - Undefined Weak Reference
    __cxa_finalize                            - Undefined Weak Reference
    __rt_locale                               - Undefined Weak Reference
    __sigvec_lookup                           - Undefined Weak Reference
    _atexit_init                              - Undefined Weak Reference
    _call_atexit_fns                          - Undefined Weak Reference
    _clock_init                               - Undefined Weak Reference
    _fp_trap_init                             - Undefined Weak Reference
    _fp_trap_shutdown                         - Undefined Weak Reference
    _get_lc_collate                           - Undefined Weak Reference
    _get_lc_ctype                             - Undefined Weak Reference
    _get_lc_monetary                          - Undefined Weak Reference
    _get_lc_numeric                           - Undefined Weak Reference
    _get_lc_time                              - Undefined Weak Reference
    _getenv_init                              - Undefined Weak Reference
    _handle_redirection                       - Undefined Weak Reference
    _init_alloc                               - Undefined Weak Reference
    _init_user_alloc                          - Undefined Weak Reference
    _initio                                   - Undefined Weak Reference
    _mutex_acquire                            - Undefined Weak Reference
    _mutex_release                            - Undefined Weak Reference
    _rand_init                                - Undefined Weak Reference
    _signal_finish                            - Undefined Weak Reference
    _signal_init                              - Undefined Weak Reference
    _terminate_alloc                          - Undefined Weak Reference
    _terminate_user_alloc                     - Undefined Weak Reference
    _terminateio                              - Undefined Weak Reference
    __Vectors_Size                           0x0000020c   Number         0  startup_at32f435_437.o ABSOLUTE
    __Vectors                                0x08000000   Data           4  startup_at32f435_437.o(RESET)
    __Vectors_End                            0x0800020c   Data           0  startup_at32f435_437.o(RESET)
    __main                                   0x0800020d   Thumb Code     8  __main.o(!!!main)
    __scatterload                            0x08000215   Thumb Code     0  __scatter.o(!!!scatter)
    __scatterload_rt2                        0x08000215   Thumb Code    44  __scatter.o(!!!scatter)
    __scatterload_rt2_thumb_only             0x08000215   Thumb Code     0  __scatter.o(!!!scatter)
    __scatterload_null                       0x08000223   Thumb Code     0  __scatter.o(!!!scatter)
    __scatterload_copy                       0x08000249   Thumb Code    26  __scatter_copy.o(!!handler_copy)
    __scatterload_zeroinit                   0x08000265   Thumb Code    28  __scatter_zi.o(!!handler_zi)
    __rt_lib_init                            0x08000281   Thumb Code     0  libinit.o(.ARM.Collect$$libinit$$00000000)
    __rt_lib_init_fp_1                       0x08000283   Thumb Code     0  libinit2.o(.ARM.Collect$$libinit$$00000001)
    __rt_lib_init_alloca_1                   0x08000287   Thumb Code     0  libinit2.o(.ARM.Collect$$libinit$$0000002E)
    __rt_lib_init_argv_1                     0x08000287   Thumb Code     0  libinit2.o(.ARM.Collect$$libinit$$0000002C)
    __rt_lib_init_atexit_1                   0x08000287   Thumb Code     0  libinit2.o(.ARM.Collect$$libinit$$0000001B)
    __rt_lib_init_clock_1                    0x08000287   Thumb Code     0  libinit2.o(.ARM.Collect$$libinit$$00000021)
    __rt_lib_init_cpp_1                      0x08000287   Thumb Code     0  libinit2.o(.ARM.Collect$$libinit$$00000032)
    __rt_lib_init_exceptions_1               0x08000287   Thumb Code     0  libinit2.o(.ARM.Collect$$libinit$$00000030)
    __rt_lib_init_fp_trap_1                  0x08000287   Thumb Code     0  libinit2.o(.ARM.Collect$$libinit$$0000001F)
    __rt_lib_init_getenv_1                   0x08000287   Thumb Code     0  libinit2.o(.ARM.Collect$$libinit$$00000023)
    __rt_lib_init_heap_1                     0x08000287   Thumb Code     0  libinit2.o(.ARM.Collect$$libinit$$0000000A)
    __rt_lib_init_lc_collate_1               0x08000287   Thumb Code     0  libinit2.o(.ARM.Collect$$libinit$$00000011)
    __rt_lib_init_lc_ctype_1                 0x08000287   Thumb Code     0  libinit2.o(.ARM.Collect$$libinit$$00000013)
    __rt_lib_init_lc_monetary_1              0x08000287   Thumb Code     0  libinit2.o(.ARM.Collect$$libinit$$00000015)
    __rt_lib_init_lc_numeric_1               0x08000287   Thumb Code     0  libinit2.o(.ARM.Collect$$libinit$$00000017)
    __rt_lib_init_lc_time_1                  0x08000287   Thumb Code     0  libinit2.o(.ARM.Collect$$libinit$$00000019)
    __rt_lib_init_preinit_1                  0x08000287   Thumb Code     0  libinit2.o(.ARM.Collect$$libinit$$00000004)
    __rt_lib_init_rand_1                     0x08000287   Thumb Code     0  libinit2.o(.ARM.Collect$$libinit$$0000000E)
    __rt_lib_init_return                     0x08000287   Thumb Code     0  libinit2.o(.ARM.Collect$$libinit$$00000033)
    __rt_lib_init_signal_1                   0x08000287   Thumb Code     0  libinit2.o(.ARM.Collect$$libinit$$0000001D)
    __rt_lib_init_stdio_1                    0x08000287   Thumb Code     0  libinit2.o(.ARM.Collect$$libinit$$00000025)
    __rt_lib_init_user_alloc_1               0x08000287   Thumb Code     0  libinit2.o(.ARM.Collect$$libinit$$0000000C)
    __rt_lib_shutdown                        0x08000289   Thumb Code     0  libshutdown.o(.ARM.Collect$$libshutdown$$00000000)
    __rt_lib_shutdown_cpp_1                  0x0800028b   Thumb Code     0  libshutdown2.o(.ARM.Collect$$libshutdown$$00000004)
    __rt_lib_shutdown_fini_1                 0x0800028b   Thumb Code     0  libshutdown2.o(.ARM.Collect$$libshutdown$$00000002)
    __rt_lib_shutdown_fp_trap_1              0x0800028b   Thumb Code     0  libshutdown2.o(.ARM.Collect$$libshutdown$$00000009)
    __rt_lib_shutdown_heap_1                 0x0800028b   Thumb Code     0  libshutdown2.o(.ARM.Collect$$libshutdown$$00000011)
    __rt_lib_shutdown_return                 0x0800028b   Thumb Code     0  libshutdown2.o(.ARM.Collect$$libshutdown$$00000012)
    __rt_lib_shutdown_signal_1               0x0800028b   Thumb Code     0  libshutdown2.o(.ARM.Collect$$libshutdown$$0000000C)
    __rt_lib_shutdown_stdio_1                0x0800028b   Thumb Code     0  libshutdown2.o(.ARM.Collect$$libshutdown$$00000006)
    __rt_lib_shutdown_user_alloc_1           0x0800028b   Thumb Code     0  libshutdown2.o(.ARM.Collect$$libshutdown$$0000000E)
    __rt_entry                               0x0800028d   Thumb Code     0  __rtentry.o(.ARM.Collect$$rtentry$$00000000)
    __rt_entry_presh_1                       0x0800028d   Thumb Code     0  __rtentry2.o(.ARM.Collect$$rtentry$$00000002)
    __rt_entry_sh                            0x0800028d   Thumb Code     0  __rtentry4.o(.ARM.Collect$$rtentry$$00000004)
    __rt_entry_li                            0x08000293   Thumb Code     0  __rtentry2.o(.ARM.Collect$$rtentry$$0000000A)
    __rt_entry_postsh_1                      0x08000293   Thumb Code     0  __rtentry2.o(.ARM.Collect$$rtentry$$00000009)
    __rt_entry_main                          0x08000297   Thumb Code     0  __rtentry2.o(.ARM.Collect$$rtentry$$0000000D)
    __rt_entry_postli_1                      0x08000297   Thumb Code     0  __rtentry2.o(.ARM.Collect$$rtentry$$0000000C)
    __rt_exit                                0x0800029f   Thumb Code     0  rtexit.o(.ARM.Collect$$rtexit$$00000000)
    __rt_exit_ls                             0x080002a1   Thumb Code     0  rtexit2.o(.ARM.Collect$$rtexit$$00000003)
    __rt_exit_prels_1                        0x080002a1   Thumb Code     0  rtexit2.o(.ARM.Collect$$rtexit$$00000002)
    __rt_exit_exit                           0x080002a5   Thumb Code     0  rtexit2.o(.ARM.Collect$$rtexit$$00000004)
    main                                     0x080002ad   Thumb Code    32  main.o(.text)
    wk_usart1_init                           0x080002d5   Thumb Code   154  wk_usart.o(.text)
    wk_usart2_init                           0x0800036f   Thumb Code   178  wk_usart.o(.text)
    __ttywrch                                0x08000421   Thumb Code     2  wk_usart.o(.text)
    _sys_exit                                0x08000423   Thumb Code     2  wk_usart.o(.text)
    fputc                                    0x08000425   Thumb Code    30  wk_usart.o(.text)
    wk_timebase_init                         0x08000455   Thumb Code    48  wk_system.o(.text)
    wk_timebase_increase                     0x08000485   Thumb Code    10  wk_system.o(.text)
    wk_timebase_get                          0x0800048f   Thumb Code     6  wk_system.o(.text)
    wk_delay_ms                              0x08000495   Thumb Code    28  wk_system.o(.text)
    wk_timebase_handler                      0x080004b1   Thumb Code     8  wk_system.o(.text)
    wk_periph_clock_config                   0x080004bd   Thumb Code   196  at32f435_437_wk_config.o(.text)
    SysTick_Handler                          0x08000591   Thumb Code     4  at32f435_437_int.o(.text)
    wk_gpio_config                           0x08000595   Thumb Code   340  wk_gpio.o(.text)
    TurnOnLed                                0x080006e9   Thumb Code    10  wk_gpio.o(.text)
    TurnOffLed                               0x080006f3   Thumb Code    10  wk_gpio.o(.text)
    TurnReverse                              0x080006fd   Thumb Code    48  wk_gpio.o(.text)
    crm_reset                                0x08000759   Thumb Code    74  at32f435_437_crm.o(.text)
    crm_lext_bypass                          0x080007a3   Thumb Code    14  at32f435_437_crm.o(.text)
    crm_hext_bypass                          0x080007b1   Thumb Code    12  at32f435_437_crm.o(.text)
    crm_flag_get                             0x080007bd   Thumb Code    30  at32f435_437_crm.o(.text)
    crm_interrupt_flag_get                   0x080007db   Thumb Code   110  at32f435_437_crm.o(.text)
    crm_hext_stable_wait                     0x08000849   Thumb Code    40  at32f435_437_crm.o(.text)
    crm_hick_clock_trimming_set              0x08000871   Thumb Code    12  at32f435_437_crm.o(.text)
    crm_hick_clock_calibration_set           0x0800087d   Thumb Code    34  at32f435_437_crm.o(.text)
    crm_periph_clock_enable                  0x0800089f   Thumb Code    36  at32f435_437_crm.o(.text)
    crm_periph_reset                         0x080008c3   Thumb Code    36  at32f435_437_crm.o(.text)
    crm_periph_lowpower_mode_enable          0x080008e7   Thumb Code    36  at32f435_437_crm.o(.text)
    crm_clock_source_enable                  0x0800090b   Thumb Code    54  at32f435_437_crm.o(.text)
    crm_flag_clear                           0x08000941   Thumb Code   108  at32f435_437_crm.o(.text)
    crm_ertc_clock_select                    0x080009ad   Thumb Code    28  at32f435_437_crm.o(.text)
    crm_ertc_clock_enable                    0x080009c9   Thumb Code    14  at32f435_437_crm.o(.text)
    crm_ahb_div_set                          0x080009d7   Thumb Code    14  at32f435_437_crm.o(.text)
    crm_apb1_div_set                         0x080009e5   Thumb Code    14  at32f435_437_crm.o(.text)
    crm_apb2_div_set                         0x080009f3   Thumb Code    14  at32f435_437_crm.o(.text)
    crm_usb_clock_div_set                    0x08000a01   Thumb Code    14  at32f435_437_crm.o(.text)
    crm_clock_failure_detection_enable       0x08000a0f   Thumb Code    12  at32f435_437_crm.o(.text)
    crm_battery_powered_domain_reset         0x08000a1b   Thumb Code    14  at32f435_437_crm.o(.text)
    crm_auto_step_mode_enable                0x08000a29   Thumb Code    24  at32f435_437_crm.o(.text)
    crm_hick_divider_select                  0x08000a41   Thumb Code    14  at32f435_437_crm.o(.text)
    crm_hick_sclk_frequency_select           0x08000a4f   Thumb Code    24  at32f435_437_crm.o(.text)
    crm_usb_clock_source_select              0x08000a67   Thumb Code    26  at32f435_437_crm.o(.text)
    crm_clkout_to_tmr10_enable               0x08000a81   Thumb Code    14  at32f435_437_crm.o(.text)
    crm_pll_config                           0x08000a8f   Thumb Code    54  at32f435_437_crm.o(.text)
    crm_sysclk_switch                        0x08000ac5   Thumb Code    54  at32f435_437_crm.o(.text)
    crm_sysclk_switch_status_get             0x08000afb   Thumb Code    12  at32f435_437_crm.o(.text)
    crm_clocks_freq_get                      0x08000b07   Thumb Code   182  at32f435_437_crm.o(.text)
    crm_clock_out1_set                       0x08000bbd   Thumb Code    14  at32f435_437_crm.o(.text)
    crm_clock_out2_set                       0x08000bcb   Thumb Code    40  at32f435_437_crm.o(.text)
    crm_clkout_div_set                       0x08000bf3   Thumb Code    46  at32f435_437_crm.o(.text)
    crm_emac_output_pulse_set                0x08000c21   Thumb Code    14  at32f435_437_crm.o(.text)
    crm_interrupt_enable                     0x08000c2f   Thumb Code    20  at32f435_437_crm.o(.text)
    crm_pll_parameter_calculate              0x08000c43   Thumb Code   182  at32f435_437_crm.o(.text)
    gpio_reset                               0x08000d09   Thumb Code   128  at32f435_437_gpio.o(.text)
    gpio_init                                0x08000d89   Thumb Code   100  at32f435_437_gpio.o(.text)
    gpio_default_para_init                   0x08000ded   Thumb Code    20  at32f435_437_gpio.o(.text)
    gpio_input_data_bit_read                 0x08000e01   Thumb Code    14  at32f435_437_gpio.o(.text)
    gpio_input_data_read                     0x08000e0f   Thumb Code     6  at32f435_437_gpio.o(.text)
    gpio_output_data_bit_read                0x08000e15   Thumb Code    14  at32f435_437_gpio.o(.text)
    gpio_output_data_read                    0x08000e23   Thumb Code     6  at32f435_437_gpio.o(.text)
    gpio_bits_set                            0x08000e29   Thumb Code     4  at32f435_437_gpio.o(.text)
    gpio_bits_reset                          0x08000e2d   Thumb Code     4  at32f435_437_gpio.o(.text)
    gpio_bits_write                          0x08000e31   Thumb Code    10  at32f435_437_gpio.o(.text)
    gpio_port_write                          0x08000e3b   Thumb Code     4  at32f435_437_gpio.o(.text)
    gpio_pin_wp_config                       0x08000e3f   Thumb Code    16  at32f435_437_gpio.o(.text)
    gpio_pins_huge_driven_config             0x08000e4f   Thumb Code    16  at32f435_437_gpio.o(.text)
    gpio_pin_mux_config                      0x08000e5f   Thumb Code    48  at32f435_437_gpio.o(.text)
    usart_reset                              0x08000eb5   Thumb Code   128  at32f435_437_usart.o(.text)
    usart_init                               0x08000f35   Thumb Code   124  at32f435_437_usart.o(.text)
    usart_parity_selection_config            0x08000fb1   Thumb Code    52  at32f435_437_usart.o(.text)
    usart_enable                             0x08000fe5   Thumb Code    10  at32f435_437_usart.o(.text)
    usart_transmitter_enable                 0x08000fef   Thumb Code    10  at32f435_437_usart.o(.text)
    usart_receiver_enable                    0x08000ff9   Thumb Code    10  at32f435_437_usart.o(.text)
    usart_clock_config                       0x08001003   Thumb Code    28  at32f435_437_usart.o(.text)
    usart_clock_enable                       0x0800101f   Thumb Code    10  at32f435_437_usart.o(.text)
    usart_interrupt_enable                   0x08001029   Thumb Code    30  at32f435_437_usart.o(.text)
    usart_dma_transmitter_enable             0x08001047   Thumb Code    10  at32f435_437_usart.o(.text)
    usart_dma_receiver_enable                0x08001051   Thumb Code    10  at32f435_437_usart.o(.text)
    usart_wakeup_id_set                      0x0800105b   Thumb Code    46  at32f435_437_usart.o(.text)
    usart_wakeup_mode_set                    0x08001089   Thumb Code    10  at32f435_437_usart.o(.text)
    usart_receiver_mute_enable               0x08001093   Thumb Code    10  at32f435_437_usart.o(.text)
    usart_break_bit_num_set                  0x0800109d   Thumb Code    10  at32f435_437_usart.o(.text)
    usart_lin_mode_enable                    0x080010a7   Thumb Code    10  at32f435_437_usart.o(.text)
    usart_data_transmit                      0x080010b1   Thumb Code     8  at32f435_437_usart.o(.text)
    usart_break_send                         0x080010b9   Thumb Code    10  at32f435_437_usart.o(.text)
    usart_smartcard_guard_time_set           0x080010c3   Thumb Code    10  at32f435_437_usart.o(.text)
    usart_irda_smartcard_division_set        0x080010cd   Thumb Code    10  at32f435_437_usart.o(.text)
    usart_smartcard_mode_enable              0x080010d7   Thumb Code    10  at32f435_437_usart.o(.text)
    usart_smartcard_nack_set                 0x080010e1   Thumb Code    10  at32f435_437_usart.o(.text)
    usart_single_line_halfduplex_select      0x080010eb   Thumb Code    10  at32f435_437_usart.o(.text)
    usart_irda_mode_enable                   0x080010f5   Thumb Code    10  at32f435_437_usart.o(.text)
    usart_irda_low_power_enable              0x080010ff   Thumb Code    10  at32f435_437_usart.o(.text)
    usart_hardware_flow_control_set          0x08001109   Thumb Code    64  at32f435_437_usart.o(.text)
    usart_flag_get                           0x08001149   Thumb Code    10  at32f435_437_usart.o(.text)
    usart_rs485_delay_time_config            0x08001153   Thumb Code    18  at32f435_437_usart.o(.text)
    usart_transmit_receive_pin_swap          0x08001165   Thumb Code    10  at32f435_437_usart.o(.text)
    usart_id_bit_num_set                     0x0800116f   Thumb Code    10  at32f435_437_usart.o(.text)
    usart_de_polarity_set                    0x08001179   Thumb Code    10  at32f435_437_usart.o(.text)
    usart_rs485_mode_enable                  0x08001183   Thumb Code    10  at32f435_437_usart.o(.text)
    nvic_system_reset                        0x080011b5   Thumb Code    26  at32f435_437_misc.o(.text)
    nvic_irq_enable                          0x080011cf   Thumb Code   116  at32f435_437_misc.o(.text)
    nvic_irq_disable                         0x08001243   Thumb Code    34  at32f435_437_misc.o(.text)
    nvic_priority_group_config               0x08001265   Thumb Code    28  at32f435_437_misc.o(.text)
    nvic_vector_table_set                    0x08001281   Thumb Code    14  at32f435_437_misc.o(.text)
    nvic_lowpower_mode_config                0x0800128f   Thumb Code    20  at32f435_437_misc.o(.text)
    systick_clock_source_config              0x080012a3   Thumb Code    24  at32f435_437_misc.o(.text)
    Reset_Handler                            0x080012c9   Thumb Code     8  startup_at32f435_437.o(.text)
    NMI_Handler                              0x080012d1   Thumb Code     2  startup_at32f435_437.o(.text)
    HardFault_Handler                        0x080012d3   Thumb Code     2  startup_at32f435_437.o(.text)
    MemManage_Handler                        0x080012d5   Thumb Code     2  startup_at32f435_437.o(.text)
    BusFault_Handler                         0x080012d7   Thumb Code     2  startup_at32f435_437.o(.text)
    UsageFault_Handler                       0x080012d9   Thumb Code     2  startup_at32f435_437.o(.text)
    SVC_Handler                              0x080012db   Thumb Code     2  startup_at32f435_437.o(.text)
    DebugMon_Handler                         0x080012dd   Thumb Code     2  startup_at32f435_437.o(.text)
    PendSV_Handler                           0x080012df   Thumb Code     2  startup_at32f435_437.o(.text)
    ACC_IRQHandler                           0x080012e3   Thumb Code     0  startup_at32f435_437.o(.text)
    ADC1_2_3_IRQHandler                      0x080012e3   Thumb Code     0  startup_at32f435_437.o(.text)
    CAN1_RX0_IRQHandler                      0x080012e3   Thumb Code     0  startup_at32f435_437.o(.text)
    CAN1_RX1_IRQHandler                      0x080012e3   Thumb Code     0  startup_at32f435_437.o(.text)
    CAN1_SE_IRQHandler                       0x080012e3   Thumb Code     0  startup_at32f435_437.o(.text)
    CAN1_TX_IRQHandler                       0x080012e3   Thumb Code     0  startup_at32f435_437.o(.text)
    CAN2_RX0_IRQHandler                      0x080012e3   Thumb Code     0  startup_at32f435_437.o(.text)
    CAN2_RX1_IRQHandler                      0x080012e3   Thumb Code     0  startup_at32f435_437.o(.text)
    CAN2_SE_IRQHandler                       0x080012e3   Thumb Code     0  startup_at32f435_437.o(.text)
    CAN2_TX_IRQHandler                       0x080012e3   Thumb Code     0  startup_at32f435_437.o(.text)
    CRM_IRQHandler                           0x080012e3   Thumb Code     0  startup_at32f435_437.o(.text)
    DMA1_Channel1_IRQHandler                 0x080012e3   Thumb Code     0  startup_at32f435_437.o(.text)
    DMA1_Channel2_IRQHandler                 0x080012e3   Thumb Code     0  startup_at32f435_437.o(.text)
    DMA1_Channel3_IRQHandler                 0x080012e3   Thumb Code     0  startup_at32f435_437.o(.text)
    DMA1_Channel4_IRQHandler                 0x080012e3   Thumb Code     0  startup_at32f435_437.o(.text)
    DMA1_Channel5_IRQHandler                 0x080012e3   Thumb Code     0  startup_at32f435_437.o(.text)
    DMA1_Channel6_IRQHandler                 0x080012e3   Thumb Code     0  startup_at32f435_437.o(.text)
    DMA1_Channel7_IRQHandler                 0x080012e3   Thumb Code     0  startup_at32f435_437.o(.text)
    DMA2_Channel1_IRQHandler                 0x080012e3   Thumb Code     0  startup_at32f435_437.o(.text)
    DMA2_Channel2_IRQHandler                 0x080012e3   Thumb Code     0  startup_at32f435_437.o(.text)
    DMA2_Channel3_IRQHandler                 0x080012e3   Thumb Code     0  startup_at32f435_437.o(.text)
    DMA2_Channel4_IRQHandler                 0x080012e3   Thumb Code     0  startup_at32f435_437.o(.text)
    DMA2_Channel5_IRQHandler                 0x080012e3   Thumb Code     0  startup_at32f435_437.o(.text)
    DMA2_Channel6_IRQHandler                 0x080012e3   Thumb Code     0  startup_at32f435_437.o(.text)
    DMA2_Channel7_IRQHandler                 0x080012e3   Thumb Code     0  startup_at32f435_437.o(.text)
    DMAMUX_IRQHandler                        0x080012e3   Thumb Code     0  startup_at32f435_437.o(.text)
    DVP_IRQHandler                           0x080012e3   Thumb Code     0  startup_at32f435_437.o(.text)
    EDMA_Stream1_IRQHandler                  0x080012e3   Thumb Code     0  startup_at32f435_437.o(.text)
    EDMA_Stream2_IRQHandler                  0x080012e3   Thumb Code     0  startup_at32f435_437.o(.text)
    EDMA_Stream3_IRQHandler                  0x080012e3   Thumb Code     0  startup_at32f435_437.o(.text)
    EDMA_Stream4_IRQHandler                  0x080012e3   Thumb Code     0  startup_at32f435_437.o(.text)
    EDMA_Stream5_IRQHandler                  0x080012e3   Thumb Code     0  startup_at32f435_437.o(.text)
    EDMA_Stream6_IRQHandler                  0x080012e3   Thumb Code     0  startup_at32f435_437.o(.text)
    EDMA_Stream7_IRQHandler                  0x080012e3   Thumb Code     0  startup_at32f435_437.o(.text)
    EDMA_Stream8_IRQHandler                  0x080012e3   Thumb Code     0  startup_at32f435_437.o(.text)
    EMAC_IRQHandler                          0x080012e3   Thumb Code     0  startup_at32f435_437.o(.text)
    EMAC_WKUP_IRQHandler                     0x080012e3   Thumb Code     0  startup_at32f435_437.o(.text)
    ERTCAlarm_IRQHandler                     0x080012e3   Thumb Code     0  startup_at32f435_437.o(.text)
    ERTC_WKUP_IRQHandler                     0x080012e3   Thumb Code     0  startup_at32f435_437.o(.text)
    EXINT0_IRQHandler                        0x080012e3   Thumb Code     0  startup_at32f435_437.o(.text)
    EXINT15_10_IRQHandler                    0x080012e3   Thumb Code     0  startup_at32f435_437.o(.text)
    EXINT1_IRQHandler                        0x080012e3   Thumb Code     0  startup_at32f435_437.o(.text)
    EXINT2_IRQHandler                        0x080012e3   Thumb Code     0  startup_at32f435_437.o(.text)
    EXINT3_IRQHandler                        0x080012e3   Thumb Code     0  startup_at32f435_437.o(.text)
    EXINT4_IRQHandler                        0x080012e3   Thumb Code     0  startup_at32f435_437.o(.text)
    EXINT9_5_IRQHandler                      0x080012e3   Thumb Code     0  startup_at32f435_437.o(.text)
    FLASH_IRQHandler                         0x080012e3   Thumb Code     0  startup_at32f435_437.o(.text)
    FPU_IRQHandler                           0x080012e3   Thumb Code     0  startup_at32f435_437.o(.text)
    I2C1_ERR_IRQHandler                      0x080012e3   Thumb Code     0  startup_at32f435_437.o(.text)
    I2C1_EVT_IRQHandler                      0x080012e3   Thumb Code     0  startup_at32f435_437.o(.text)
    I2C2_ERR_IRQHandler                      0x080012e3   Thumb Code     0  startup_at32f435_437.o(.text)
    I2C2_EVT_IRQHandler                      0x080012e3   Thumb Code     0  startup_at32f435_437.o(.text)
    I2C3_ERR_IRQHandler                      0x080012e3   Thumb Code     0  startup_at32f435_437.o(.text)
    I2C3_EVT_IRQHandler                      0x080012e3   Thumb Code     0  startup_at32f435_437.o(.text)
    OTGFS1_IRQHandler                        0x080012e3   Thumb Code     0  startup_at32f435_437.o(.text)
    OTGFS1_WKUP_IRQHandler                   0x080012e3   Thumb Code     0  startup_at32f435_437.o(.text)
    OTGFS2_IRQHandler                        0x080012e3   Thumb Code     0  startup_at32f435_437.o(.text)
    OTGFS2_WKUP_IRQHandler                   0x080012e3   Thumb Code     0  startup_at32f435_437.o(.text)
    PVM_IRQHandler                           0x080012e3   Thumb Code     0  startup_at32f435_437.o(.text)
    QSPI1_IRQHandler                         0x080012e3   Thumb Code     0  startup_at32f435_437.o(.text)
    QSPI2_IRQHandler                         0x080012e3   Thumb Code     0  startup_at32f435_437.o(.text)
    SDIO1_IRQHandler                         0x080012e3   Thumb Code     0  startup_at32f435_437.o(.text)
    SDIO2_IRQHandler                         0x080012e3   Thumb Code     0  startup_at32f435_437.o(.text)
    SPI1_IRQHandler                          0x080012e3   Thumb Code     0  startup_at32f435_437.o(.text)
    SPI2_I2S2EXT_IRQHandler                  0x080012e3   Thumb Code     0  startup_at32f435_437.o(.text)
    SPI3_I2S3EXT_IRQHandler                  0x080012e3   Thumb Code     0  startup_at32f435_437.o(.text)
    SPI4_IRQHandler                          0x080012e3   Thumb Code     0  startup_at32f435_437.o(.text)
    TAMP_STAMP_IRQHandler                    0x080012e3   Thumb Code     0  startup_at32f435_437.o(.text)
    TMR1_BRK_TMR9_IRQHandler                 0x080012e3   Thumb Code     0  startup_at32f435_437.o(.text)
    TMR1_CH_IRQHandler                       0x080012e3   Thumb Code     0  startup_at32f435_437.o(.text)
    TMR1_OVF_TMR10_IRQHandler                0x080012e3   Thumb Code     0  startup_at32f435_437.o(.text)
    TMR1_TRG_HALL_TMR11_IRQHandler           0x080012e3   Thumb Code     0  startup_at32f435_437.o(.text)
    TMR20_BRK_IRQHandler                     0x080012e3   Thumb Code     0  startup_at32f435_437.o(.text)
    TMR20_CH_IRQHandler                      0x080012e3   Thumb Code     0  startup_at32f435_437.o(.text)
    TMR20_OVF_IRQHandler                     0x080012e3   Thumb Code     0  startup_at32f435_437.o(.text)
    TMR20_TRG_HALL_IRQHandler                0x080012e3   Thumb Code     0  startup_at32f435_437.o(.text)
    TMR2_GLOBAL_IRQHandler                   0x080012e3   Thumb Code     0  startup_at32f435_437.o(.text)
    TMR3_GLOBAL_IRQHandler                   0x080012e3   Thumb Code     0  startup_at32f435_437.o(.text)
    TMR4_GLOBAL_IRQHandler                   0x080012e3   Thumb Code     0  startup_at32f435_437.o(.text)
    TMR5_GLOBAL_IRQHandler                   0x080012e3   Thumb Code     0  startup_at32f435_437.o(.text)
    TMR6_DAC_GLOBAL_IRQHandler               0x080012e3   Thumb Code     0  startup_at32f435_437.o(.text)
    TMR7_GLOBAL_IRQHandler                   0x080012e3   Thumb Code     0  startup_at32f435_437.o(.text)
    TMR8_BRK_TMR12_IRQHandler                0x080012e3   Thumb Code     0  startup_at32f435_437.o(.text)
    TMR8_CH_IRQHandler                       0x080012e3   Thumb Code     0  startup_at32f435_437.o(.text)
    TMR8_OVF_TMR13_IRQHandler                0x080012e3   Thumb Code     0  startup_at32f435_437.o(.text)
    TMR8_TRG_HALL_TMR14_IRQHandler           0x080012e3   Thumb Code     0  startup_at32f435_437.o(.text)
    UART4_IRQHandler                         0x080012e3   Thumb Code     0  startup_at32f435_437.o(.text)
    UART5_IRQHandler                         0x080012e3   Thumb Code     0  startup_at32f435_437.o(.text)
    UART7_IRQHandler                         0x080012e3   Thumb Code     0  startup_at32f435_437.o(.text)
    UART8_IRQHandler                         0x080012e3   Thumb Code     0  startup_at32f435_437.o(.text)
    USART1_IRQHandler                        0x080012e3   Thumb Code     0  startup_at32f435_437.o(.text)
    USART2_IRQHandler                        0x080012e3   Thumb Code     0  startup_at32f435_437.o(.text)
    USART3_IRQHandler                        0x080012e3   Thumb Code     0  startup_at32f435_437.o(.text)
    USART6_IRQHandler                        0x080012e3   Thumb Code     0  startup_at32f435_437.o(.text)
    WWDT_IRQHandler                          0x080012e3   Thumb Code     0  startup_at32f435_437.o(.text)
    XMC_IRQHandler                           0x080012e3   Thumb Code     0  startup_at32f435_437.o(.text)
    __user_initial_stackheap                 0x080012e5   Thumb Code     0  startup_at32f435_437.o(.text)
    SystemInit                               0x08001309   Thumb Code    92  system_at32f435_437.o(.text)
    system_core_clock_update                 0x08001365   Thumb Code   114  system_at32f435_437.o(.text)
    __use_no_semihosting                     0x080013f9   Thumb Code     2  use_no_semi_2.o(.text)
    __aeabi_uldivmod                         0x080013fb   Thumb Code     0  lludivv7m.o(.text)
    _ll_udiv                                 0x080013fb   Thumb Code   238  lludivv7m.o(.text)
    __2printf                                0x080014e9   Thumb Code    20  noretval__2printf.o(.text)
    __use_two_region_memory                  0x08001501   Thumb Code     2  heapauxi.o(.text)
    __rt_heap_escrow$2region                 0x08001503   Thumb Code     2  heapauxi.o(.text)
    __rt_heap_expand$2region                 0x08001505   Thumb Code     2  heapauxi.o(.text)
    __I$use$semihosting                      0x08001507   Thumb Code     0  use_no_semi.o(.text)
    __use_no_semihosting_swi                 0x08001507   Thumb Code     2  use_no_semi.o(.text)
    _printf_char_file                        0x08001509   Thumb Code    32  _printf_char_file.o(.text)
    _printf_char_common                      0x08001537   Thumb Code    32  _printf_char_common.o(.text)
    ferror                                   0x0800155d   Thumb Code     8  ferror.o(.text)
    __user_setup_stackheap                   0x08001565   Thumb Code    74  sys_stackheap_outer.o(.text)
    __printf                                 0x080015af   Thumb Code    40  __printf_nopercent.o(.text)
    exit                                     0x080015d7   Thumb Code    18  exit.o(.text)
    __user_libspace                          0x080015e9   Thumb Code     8  libspace.o(.text)
    __user_perproc_libspace                  0x080015e9   Thumb Code     0  libspace.o(.text)
    __user_perthread_libspace                0x080015e9   Thumb Code     0  libspace.o(.text)
    _fp_init                                 0x080015f1   Thumb Code    10  fpinit.o(x$fpl$fpinit)
    __fplib_config_fpu_vfp                   0x080015f9   Thumb Code     0  fpinit.o(x$fpl$fpinit)
    __fplib_config_pureend_doubles           0x080015f9   Thumb Code     0  fpinit.o(x$fpl$fpinit)
    Region$$Table$$Base                      0x08001638   Number         0  anon$$obj.o(Region$$Table)
    Region$$Table$$Limit                     0x08001658   Number         0  anon$$obj.o(Region$$Table)
    __stdout                                 0x20010000   Data           4  wk_usart.o(.data)
    timebase_ticks                           0x20010004   Data           4  wk_system.o(.data)
    system_core_clock                        0x20010008   Data           4  system_at32f435_437.o(.data)
    __libspace_start                         0x2001000c   Data          96  libspace.o(.bss)
    __temporary_stack_top$libspace           0x2001006c   Data           0  libspace.o(.bss)



==============================================================================

Memory Map of the image

  Image Entry point : 0x0800020d

  Load Region LR_IROM1 (Base: 0x08000000, Size: 0x00001664, Max: 0x00100000, ABSOLUTE)

    Execution Region ER_IROM1 (Exec base: 0x08000000, Load base: 0x08000000, Size: 0x00001658, Max: 0x00100000, ABSOLUTE)

    Exec Addr    Load Addr    Size         Type   Attr      Idx    E Section Name        Object

    0x08000000   0x08000000   0x0000020c   Data   RO         1026    RESET               startup_at32f435_437.o
    0x0800020c   0x0800020c   0x00000008   Code   RO         1074  * !!!main             c_w.l(__main.o)
    0x08000214   0x08000214   0x00000034   Code   RO         1251    !!!scatter          c_w.l(__scatter.o)
    0x08000248   0x08000248   0x0000001a   Code   RO         1253    !!handler_copy      c_w.l(__scatter_copy.o)
    0x08000262   0x08000262   0x00000002   PAD
    0x08000264   0x08000264   0x0000001c   Code   RO         1255    !!handler_zi        c_w.l(__scatter_zi.o)
    0x08000280   0x08000280   0x00000002   Code   RO         1123    .ARM.Collect$$libinit$$00000000  c_w.l(libinit.o)
    0x08000282   0x08000282   0x00000004   Code   RO         1135    .ARM.Collect$$libinit$$00000001  c_w.l(libinit2.o)
    0x08000286   0x08000286   0x00000000   Code   RO         1138    .ARM.Collect$$libinit$$00000004  c_w.l(libinit2.o)
    0x08000286   0x08000286   0x00000000   Code   RO         1141    .ARM.Collect$$libinit$$0000000A  c_w.l(libinit2.o)
    0x08000286   0x08000286   0x00000000   Code   RO         1143    .ARM.Collect$$libinit$$0000000C  c_w.l(libinit2.o)
    0x08000286   0x08000286   0x00000000   Code   RO         1145    .ARM.Collect$$libinit$$0000000E  c_w.l(libinit2.o)
    0x08000286   0x08000286   0x00000000   Code   RO         1148    .ARM.Collect$$libinit$$00000011  c_w.l(libinit2.o)
    0x08000286   0x08000286   0x00000000   Code   RO         1150    .ARM.Collect$$libinit$$00000013  c_w.l(libinit2.o)
    0x08000286   0x08000286   0x00000000   Code   RO         1152    .ARM.Collect$$libinit$$00000015  c_w.l(libinit2.o)
    0x08000286   0x08000286   0x00000000   Code   RO         1154    .ARM.Collect$$libinit$$00000017  c_w.l(libinit2.o)
    0x08000286   0x08000286   0x00000000   Code   RO         1156    .ARM.Collect$$libinit$$00000019  c_w.l(libinit2.o)
    0x08000286   0x08000286   0x00000000   Code   RO         1158    .ARM.Collect$$libinit$$0000001B  c_w.l(libinit2.o)
    0x08000286   0x08000286   0x00000000   Code   RO         1160    .ARM.Collect$$libinit$$0000001D  c_w.l(libinit2.o)
    0x08000286   0x08000286   0x00000000   Code   RO         1162    .ARM.Collect$$libinit$$0000001F  c_w.l(libinit2.o)
    0x08000286   0x08000286   0x00000000   Code   RO         1164    .ARM.Collect$$libinit$$00000021  c_w.l(libinit2.o)
    0x08000286   0x08000286   0x00000000   Code   RO         1166    .ARM.Collect$$libinit$$00000023  c_w.l(libinit2.o)
    0x08000286   0x08000286   0x00000000   Code   RO         1168    .ARM.Collect$$libinit$$00000025  c_w.l(libinit2.o)
    0x08000286   0x08000286   0x00000000   Code   RO         1172    .ARM.Collect$$libinit$$0000002C  c_w.l(libinit2.o)
    0x08000286   0x08000286   0x00000000   Code   RO         1174    .ARM.Collect$$libinit$$0000002E  c_w.l(libinit2.o)
    0x08000286   0x08000286   0x00000000   Code   RO         1176    .ARM.Collect$$libinit$$00000030  c_w.l(libinit2.o)
    0x08000286   0x08000286   0x00000000   Code   RO         1178    .ARM.Collect$$libinit$$00000032  c_w.l(libinit2.o)
    0x08000286   0x08000286   0x00000002   Code   RO         1179    .ARM.Collect$$libinit$$00000033  c_w.l(libinit2.o)
    0x08000288   0x08000288   0x00000002   Code   RO         1205    .ARM.Collect$$libshutdown$$00000000  c_w.l(libshutdown.o)
    0x0800028a   0x0800028a   0x00000000   Code   RO         1232    .ARM.Collect$$libshutdown$$00000002  c_w.l(libshutdown2.o)
    0x0800028a   0x0800028a   0x00000000   Code   RO         1234    .ARM.Collect$$libshutdown$$00000004  c_w.l(libshutdown2.o)
    0x0800028a   0x0800028a   0x00000000   Code   RO         1236    .ARM.Collect$$libshutdown$$00000006  c_w.l(libshutdown2.o)
    0x0800028a   0x0800028a   0x00000000   Code   RO         1239    .ARM.Collect$$libshutdown$$00000009  c_w.l(libshutdown2.o)
    0x0800028a   0x0800028a   0x00000000   Code   RO         1242    .ARM.Collect$$libshutdown$$0000000C  c_w.l(libshutdown2.o)
    0x0800028a   0x0800028a   0x00000000   Code   RO         1244    .ARM.Collect$$libshutdown$$0000000E  c_w.l(libshutdown2.o)
    0x0800028a   0x0800028a   0x00000000   Code   RO         1247    .ARM.Collect$$libshutdown$$00000011  c_w.l(libshutdown2.o)
    0x0800028a   0x0800028a   0x00000002   Code   RO         1248    .ARM.Collect$$libshutdown$$00000012  c_w.l(libshutdown2.o)
    0x0800028c   0x0800028c   0x00000000   Code   RO         1078    .ARM.Collect$$rtentry$$00000000  c_w.l(__rtentry.o)
    0x0800028c   0x0800028c   0x00000000   Code   RO         1086    .ARM.Collect$$rtentry$$00000002  c_w.l(__rtentry2.o)
    0x0800028c   0x0800028c   0x00000006   Code   RO         1098    .ARM.Collect$$rtentry$$00000004  c_w.l(__rtentry4.o)
    0x08000292   0x08000292   0x00000000   Code   RO         1088    .ARM.Collect$$rtentry$$00000009  c_w.l(__rtentry2.o)
    0x08000292   0x08000292   0x00000004   Code   RO         1089    .ARM.Collect$$rtentry$$0000000A  c_w.l(__rtentry2.o)
    0x08000296   0x08000296   0x00000000   Code   RO         1091    .ARM.Collect$$rtentry$$0000000C  c_w.l(__rtentry2.o)
    0x08000296   0x08000296   0x00000008   Code   RO         1092    .ARM.Collect$$rtentry$$0000000D  c_w.l(__rtentry2.o)
    0x0800029e   0x0800029e   0x00000002   Code   RO         1127    .ARM.Collect$$rtexit$$00000000  c_w.l(rtexit.o)
    0x080002a0   0x080002a0   0x00000000   Code   RO         1181    .ARM.Collect$$rtexit$$00000002  c_w.l(rtexit2.o)
    0x080002a0   0x080002a0   0x00000004   Code   RO         1182    .ARM.Collect$$rtexit$$00000003  c_w.l(rtexit2.o)
    0x080002a4   0x080002a4   0x00000006   Code   RO         1183    .ARM.Collect$$rtexit$$00000004  c_w.l(rtexit2.o)
    0x080002aa   0x080002aa   0x00000002   PAD
    0x080002ac   0x080002ac   0x00000028   Code   RO            4    .text               main.o
    0x080002d4   0x080002d4   0x00000180   Code   RO          192    .text               wk_usart.o
    0x08000454   0x08000454   0x00000068   Code   RO          223    .text               wk_system.o
    0x080004bc   0x080004bc   0x000000d4   Code   RO          250    .text               at32f435_437_wk_config.o
    0x08000590   0x08000590   0x00000004   Code   RO          271    .text               at32f435_437_int.o
    0x08000594   0x08000594   0x000001c4   Code   RO          289    .text               wk_gpio.o
    0x08000758   0x08000758   0x000005b0   Code   RO          337    .text               at32f435_437_crm.o
    0x08000d08   0x08000d08   0x000001ac   Code   RO          419    .text               at32f435_437_gpio.o
    0x08000eb4   0x08000eb4   0x00000300   Code   RO          467    .text               at32f435_437_usart.o
    0x080011b4   0x080011b4   0x00000114   Code   RO          763    .text               at32f435_437_misc.o
    0x080012c8   0x080012c8   0x00000040   Code   RO         1027    .text               startup_at32f435_437.o
    0x08001308   0x08001308   0x000000f0   Code   RO         1034    .text               system_at32f435_437.o
    0x080013f8   0x080013f8   0x00000002   Code   RO         1064    .text               c_w.l(use_no_semi_2.o)
    0x080013fa   0x080013fa   0x000000ee   Code   RO         1066    .text               c_w.l(lludivv7m.o)
    0x080014e8   0x080014e8   0x00000018   Code   RO         1070    .text               c_w.l(noretval__2printf.o)
    0x08001500   0x08001500   0x00000006   Code   RO         1072    .text               c_w.l(heapauxi.o)
    0x08001506   0x08001506   0x00000002   Code   RO         1076    .text               c_w.l(use_no_semi.o)
    0x08001508   0x08001508   0x00000024   Code   RO         1083    .text               c_w.l(_printf_char_file.o)
    0x0800152c   0x0800152c   0x00000030   Code   RO         1102    .text               c_w.l(_printf_char_common.o)
    0x0800155c   0x0800155c   0x00000008   Code   RO         1104    .text               c_w.l(ferror.o)
    0x08001564   0x08001564   0x0000004a   Code   RO         1108    .text               c_w.l(sys_stackheap_outer.o)
    0x080015ae   0x080015ae   0x00000028   Code   RO         1110    .text               c_w.l(__printf_nopercent.o)
    0x080015d6   0x080015d6   0x00000012   Code   RO         1112    .text               c_w.l(exit.o)
    0x080015e8   0x080015e8   0x00000008   Code   RO         1124    .text               c_w.l(libspace.o)
    0x080015f0   0x080015f0   0x0000000a   Code   RO         1193    x$fpl$fpinit        fz_wm.l(fpinit.o)
    0x080015fa   0x080015fa   0x00000026   Data   RO          338    .constdata          at32f435_437_crm.o
    0x08001620   0x08001620   0x00000016   Data   RO         1035    .constdata          system_at32f435_437.o
    0x08001636   0x08001636   0x00000002   PAD
    0x08001638   0x08001638   0x00000020   Data   RO         1249    Region$$Table       anon$$obj.o


    Execution Region RW_IRAM1 (Exec base: 0x20000000, Load base: 0x08001658, Size: 0x00000000, Max: 0x00010000, ABSOLUTE)

    **** No section assigned to this execution region ****


    Execution Region RW_IRAM2 (Exec base: 0x20010000, Load base: 0x08001658, Size: 0x00000c70, Max: 0x00050000, ABSOLUTE)

    Exec Addr    Load Addr    Size         Type   Attr      Idx    E Section Name        Object

    0x20010000   0x08001658   0x00000004   Data   RW          193    .data               wk_usart.o
    0x20010004   0x0800165c   0x00000004   Data   RW          224    .data               wk_system.o
    0x20010008   0x08001660   0x00000004   Data   RW         1036    .data               system_at32f435_437.o
    0x2001000c        -       0x00000060   Zero   RW         1125    .bss                c_w.l(libspace.o)
    0x2001006c   0x08001664   0x00000004   PAD
    0x20010070        -       0x00000400   Zero   RW         1025    HEAP                startup_at32f435_437.o
    0x20010470        -       0x00000800   Zero   RW         1024    STACK               startup_at32f435_437.o


==============================================================================

Image component sizes


      Code (inc. data)   RO Data    RW Data    ZI Data      Debug   Object Name

      1456         74         38          0          0       9720   at32f435_437_crm.o
       428         38          0          0          0       4530   at32f435_437_gpio.o
         4          0          0          0          0        482   at32f435_437_int.o
       276         14          0          0          0      32631   at32f435_437_misc.o
       768         40          0          0          0       8272   at32f435_437_usart.o
       212         16          0          0          0        641   at32f435_437_wk_config.o
        40          8          0          0          0      44903   main.o
        64         26        524          0       3072        824   startup_at32f435_437.o
       240         34         22          4          0       2002   system_at32f435_437.o
       452         44          0          0          0       1114   wk_gpio.o
       104          4          0          4          0       1641   wk_system.o
       384         18          0          4          0       3160   wk_usart.o

    ----------------------------------------------------------------------
      4428        316        618         12       3072     109920   Object Totals
         0          0         32          0          0          0   (incl. Generated)
         0          0          2          0          0          0   (incl. Padding)

    ----------------------------------------------------------------------

      Code (inc. data)   RO Data    RW Data    ZI Data      Debug   Library Member Name

         8          0          0          0          0         68   __main.o
        40          0          0          0          0         84   __printf_nopercent.o
         0          0          0          0          0          0   __rtentry.o
        12          0          0          0          0          0   __rtentry2.o
         6          0          0          0          0          0   __rtentry4.o
        52          8          0          0          0          0   __scatter.o
        26          0          0          0          0          0   __scatter_copy.o
        28          0          0          0          0          0   __scatter_zi.o
        48          6          0          0          0         96   _printf_char_common.o
        36          4          0          0          0         80   _printf_char_file.o
        18          0          0          0          0         80   exit.o
         8          0          0          0          0         68   ferror.o
         6          0          0          0          0        152   heapauxi.o
         2          0          0          0          0          0   libinit.o
         6          0          0          0          0          0   libinit2.o
         2          0          0          0          0          0   libshutdown.o
         2          0          0          0          0          0   libshutdown2.o
         8          4          0          0         96         68   libspace.o
       238          0          0          0          0        100   lludivv7m.o
        24          4          0          0          0         84   noretval__2printf.o
         2          0          0          0          0          0   rtexit.o
        10          0          0          0          0          0   rtexit2.o
        74          0          0          0          0         80   sys_stackheap_outer.o
         2          0          0          0          0         68   use_no_semi.o
         2          0          0          0          0         68   use_no_semi_2.o
        10          0          0          0          0        116   fpinit.o

    ----------------------------------------------------------------------
       674         26          0          0        100       1212   Library Totals
         4          0          0          0          4          0   (incl. Padding)

    ----------------------------------------------------------------------

      Code (inc. data)   RO Data    RW Data    ZI Data      Debug   Library Name

       660         26          0          0         96       1096   c_w.l
        10          0          0          0          0        116   fz_wm.l

    ----------------------------------------------------------------------
       674         26          0          0        100       1212   Library Totals

    ----------------------------------------------------------------------

==============================================================================


      Code (inc. data)   RO Data    RW Data    ZI Data      Debug   

      5102        342        618         12       3172     108564   Grand Totals
      5102        342        618         12       3172     108564   ELF Image Totals
      5102        342        618         12          0          0   ROM Totals

==============================================================================

    Total RO  Size (Code + RO Data)                 5720 (   5.59kB)
    Total RW  Size (RW Data + ZI Data)              3184 (   3.11kB)
    Total ROM Size (Code + RO Data + RW Data)       5732 (   5.60kB)

==============================================================================

